Archive member included to satisfy reference by file (symbol)

/Applications/ArmGNUToolchain/13.2.Rel1/arm-none-eabi/bin/../lib/gcc/arm-none-eabi/13.2.1/thumb/v6-m/nofp/libgcc.a(_dvmd_tls.o)
                              CMakeFiles/stlcd.dir/Users/brucebotes/projects/pipico/pico-sdk/src/rp2_common/pico_divider/divider.S.obj (__aeabi_idiv0)
/Applications/ArmGNUToolchain/13.2.Rel1/arm-none-eabi/bin/../lib/gcc/arm-none-eabi/13.2.1/../../../../arm-none-eabi/lib/thumb/v6-m/nofp/libg.a(libc_a-calloc.o)
                              CMakeFiles/stlcd.dir/Users/brucebotes/projects/pipico/pico-sdk/src/rp2_common/pico_malloc/pico_malloc.c.obj (calloc)
/Applications/ArmGNUToolchain/13.2.Rel1/arm-none-eabi/bin/../lib/gcc/arm-none-eabi/13.2.1/../../../../arm-none-eabi/lib/thumb/v6-m/nofp/libg.a(libc_a-callocr.o)
                              /Applications/ArmGNUToolchain/13.2.Rel1/arm-none-eabi/bin/../lib/gcc/arm-none-eabi/13.2.1/../../../../arm-none-eabi/lib/thumb/v6-m/nofp/libg.a(libc_a-calloc.o) (_calloc_r)
/Applications/ArmGNUToolchain/13.2.Rel1/arm-none-eabi/bin/../lib/gcc/arm-none-eabi/13.2.1/../../../../arm-none-eabi/lib/thumb/v6-m/nofp/libg.a(libc_a-malloc.o)
                              CMakeFiles/stlcd.dir/Users/brucebotes/projects/pipico/pico-sdk/src/rp2_common/pico_malloc/pico_malloc.c.obj (malloc)
/Applications/ArmGNUToolchain/13.2.Rel1/arm-none-eabi/bin/../lib/gcc/arm-none-eabi/13.2.1/../../../../arm-none-eabi/lib/thumb/v6-m/nofp/libg.a(libc_a-mallocr.o)
                              /Applications/ArmGNUToolchain/13.2.Rel1/arm-none-eabi/bin/../lib/gcc/arm-none-eabi/13.2.1/../../../../arm-none-eabi/lib/thumb/v6-m/nofp/libg.a(libc_a-callocr.o) (_malloc_r)
/Applications/ArmGNUToolchain/13.2.Rel1/arm-none-eabi/bin/../lib/gcc/arm-none-eabi/13.2.1/../../../../arm-none-eabi/lib/thumb/v6-m/nofp/libg.a(libc_a-mlock.o)
                              /Applications/ArmGNUToolchain/13.2.Rel1/arm-none-eabi/bin/../lib/gcc/arm-none-eabi/13.2.1/../../../../arm-none-eabi/lib/thumb/v6-m/nofp/libg.a(libc_a-mallocr.o) (__malloc_lock)
/Applications/ArmGNUToolchain/13.2.Rel1/arm-none-eabi/bin/../lib/gcc/arm-none-eabi/13.2.1/../../../../arm-none-eabi/lib/thumb/v6-m/nofp/libg.a(libc_a-random.o)
                              CMakeFiles/stlcd.dir/stlcd.c.obj (srandom)
/Applications/ArmGNUToolchain/13.2.Rel1/arm-none-eabi/bin/../lib/gcc/arm-none-eabi/13.2.1/../../../../arm-none-eabi/lib/thumb/v6-m/nofp/libg.a(libc_a-realloc.o)
                              CMakeFiles/stlcd.dir/Users/brucebotes/projects/pipico/pico-sdk/src/rp2_common/pico_malloc/pico_malloc.c.obj (realloc)
/Applications/ArmGNUToolchain/13.2.Rel1/arm-none-eabi/bin/../lib/gcc/arm-none-eabi/13.2.1/../../../../arm-none-eabi/lib/thumb/v6-m/nofp/libg.a(libc_a-reallocr.o)
                              /Applications/ArmGNUToolchain/13.2.Rel1/arm-none-eabi/bin/../lib/gcc/arm-none-eabi/13.2.1/../../../../arm-none-eabi/lib/thumb/v6-m/nofp/libg.a(libc_a-realloc.o) (_realloc_r)
/Applications/ArmGNUToolchain/13.2.Rel1/arm-none-eabi/bin/../lib/gcc/arm-none-eabi/13.2.1/../../../../arm-none-eabi/lib/thumb/v6-m/nofp/libg.a(libc_a-memmove.o)
                              /Applications/ArmGNUToolchain/13.2.Rel1/arm-none-eabi/bin/../lib/gcc/arm-none-eabi/13.2.1/../../../../arm-none-eabi/lib/thumb/v6-m/nofp/libg.a(libc_a-reallocr.o) (memmove)
/Applications/ArmGNUToolchain/13.2.Rel1/arm-none-eabi/bin/../lib/gcc/arm-none-eabi/13.2.1/../../../../arm-none-eabi/lib/thumb/v6-m/nofp/libg.a(libc_a-impure.o)
                              /Applications/ArmGNUToolchain/13.2.Rel1/arm-none-eabi/bin/../lib/gcc/arm-none-eabi/13.2.1/../../../../arm-none-eabi/lib/thumb/v6-m/nofp/libg.a(libc_a-calloc.o) (_impure_ptr)
/Applications/ArmGNUToolchain/13.2.Rel1/arm-none-eabi/bin/../lib/gcc/arm-none-eabi/13.2.1/../../../../arm-none-eabi/lib/thumb/v6-m/nofp/libg.a(libc_a-sbrkr.o)
                              /Applications/ArmGNUToolchain/13.2.Rel1/arm-none-eabi/bin/../lib/gcc/arm-none-eabi/13.2.1/../../../../arm-none-eabi/lib/thumb/v6-m/nofp/libg.a(libc_a-mallocr.o) (_sbrk_r)
/Applications/ArmGNUToolchain/13.2.Rel1/arm-none-eabi/bin/../lib/gcc/arm-none-eabi/13.2.1/../../../../arm-none-eabi/lib/thumb/v6-m/nofp/libg.a(libc_a-errno.o)
                              /Applications/ArmGNUToolchain/13.2.Rel1/arm-none-eabi/bin/../lib/gcc/arm-none-eabi/13.2.1/../../../../arm-none-eabi/lib/thumb/v6-m/nofp/libg.a(libc_a-callocr.o) (__errno)
/Applications/ArmGNUToolchain/13.2.Rel1/arm-none-eabi/bin/../lib/gcc/arm-none-eabi/13.2.1/../../../../arm-none-eabi/lib/thumb/v6-m/nofp/libg.a(libc_a-sysconf.o)
                              /Applications/ArmGNUToolchain/13.2.Rel1/arm-none-eabi/bin/../lib/gcc/arm-none-eabi/13.2.1/../../../../arm-none-eabi/lib/thumb/v6-m/nofp/libg.a(libc_a-mallocr.o) (sysconf)
/Applications/ArmGNUToolchain/13.2.Rel1/arm-none-eabi/bin/../lib/gcc/arm-none-eabi/13.2.1/../../../../arm-none-eabi/lib/thumb/v6-m/nofp/libg.a(libc_a-init.o)
[...]
Memory Configuration

Name             Origin             Length             Attributes
FLASH            0x10000000         0x00200000         xr
RAM              0x20000000         0x00040000         xrw
SCRATCH_X        0x20040000         0x00001000         xrw
SCRATCH_Y        0x20041000         0x00001000         xrw
*default*        0x00000000         0xffffffff

Linker script and memory map

LOAD /Applications/ArmGNUToolchain/13.2.Rel1/arm-none-eabi/bin/../lib/gcc/arm-none-eabi/13.2.1/thumb/v6-m/nofp/crti.o
LOAD /Applications/ArmGNUToolchain/13.2.Rel1/arm-none-eabi/bin/../lib/gcc/arm-none-eabi/13.2.1/thumb/v6-m/nofp/crtbegin.o
LOAD /Applications/ArmGNUToolchain/13.2.Rel1/arm-none-eabi/bin/../lib/gcc/arm-none-eabi/13.2.1/../../../../arm-none-eabi/lib/thumb/v6-m/nofp/crt0.o

.flash_begin    0x10000000        0x0
                0x10000000                        __flash_binary_start = .

.boot2          0x10000000      0x100
                0x10000000                        __boot2_start__ = .
 *(.boot2)
 .boot2         0x10000000      0x100 /var/folders/6b/sgvvgzsn2kn_c1nsg68209k40000gn/T//ccrUL2Ru.o
                0x10000100                        __boot2_end__ = .
                0x00000001                        ASSERT (((__boot2_end__ - __boot2_start__) == 0x100), ERROR: Pico second stage bootloader must be 256 bytes in size)

.text           0x10000100     0x4af8
                0x10000100                        __logical_binary_start = .
 *(.vectors)
 .vectors       0x10000100       0xd4 CMakeFiles/stlcd.dir/Users/brucebotes/projects/pipico/pico-sdk/src/rp2_common/pico_standard_link/crt0.S.obj
                0x10000100                __VECTOR_TABLE
                0x10000100                __vectors
                0x100001c0                __default_isrs_start
                0x100001c0                isr_invalid
                0x100001c2                isr_nmi
                0x100001c4                isr_hardfault
                0x100001c6                isr_svcall
                0x100001c8                isr_pendsv
                0x100001ca                isr_systick
                0x100001cc                isr_irq28
                0x100001cc                isr_irq19
                0x100001cc                isr_irq0
                0x100001cc                isr_irq6
                0x100001cc                isr_irq22
                0x100001cc                isr_irq17
                0x100001cc                isr_irq14
                0x100001cc                isr_irq2
                0x100001cc                isr_irq10
                0x100001cc                isr_irq8
                0x100001cc                isr_irq24
                0x100001cc                isr_irq1
                0x100001cc                isr_irq7
                0x100001cc                isr_irq21
                0x100001cc                isr_irq20
                0x100001cc                isr_irq15
                0x100001cc                isr_irq25
                0x100001cc                isr_irq4
                0x100001cc                isr_irq16
                0x100001cc                isr_irq29
                0x100001cc                isr_irq26
                0x100001cc                __default_isrs_end
                0x100001cc                isr_irq3
                0x100001cc                isr_irq9
                0x100001cc                __unhandled_user_irq
                0x100001cc                isr_irq13
                0x100001cc                isr_irq27
                0x100001cc                isr_irq31
                0x100001cc                isr_irq5
                0x100001cc                isr_irq11
                0x100001cc                isr_irq23
                0x100001cc                isr_irq18
                0x100001cc                isr_irq30
                0x100001cc                isr_irq12
                0x100001d2                unhandled_user_irq_num_in_r0
 *(.binary_info_header)
 .binary_info_header
                0x100001d4       0x14 CMakeFiles/stlcd.dir/Users/brucebotes/projects/pipico/pico-sdk/src/rp2_common/pico_standard_link/crt0.S.obj
                0x100001e8                        __binary_info_header_end = .
 *(.reset)
 .reset         0x100001e8       0xa0 CMakeFiles/stlcd.dir/Users/brucebotes/projects/pipico/pico-sdk/src/rp2_common/pico_standard_link/crt0.S.obj
                0x100001e8                _entry_point
 .reset         0x10000288       0x30 CMakeFiles/stlcd.dir/Users/brucebotes/projects/pipico/pico-sdk/src/rp2_common/pico_standard_link/binary_info.c.obj
 *(.init)
 .init          0x100002b8        0x4 /Applications/ArmGNUToolchain/13.2.Rel1/arm-none-eabi/bin/../lib/gcc/arm-none-eabi/13.2.1/thumb/v6-m/nofp/crti.o
                0x100002b8                _init
 *(EXCLUDE_FILE(*libm.a: *libc.a:*lib_a-mem*.o *libgcc.a:) .text*)
 .text.register_tm_clones
                0x100002bc       0x28 /Applications/ArmGNUToolchain/13.2.Rel1/arm-none-eabi/bin/../lib/gcc/arm-none-eabi/13.2.1/thumb/v6-m/nofp/crtbegin.o
 .text.frame_dummy
                0x100002e4       0x24 /Applications/ArmGNUToolchain/13.2.Rel1/arm-none-eabi/bin/../lib/gcc/arm-none-eabi/13.2.1/thumb/v6-m/nofp/crtbegin.o
 .text.enable_Pico_pins
                0x10000308       0x70 CMakeFiles/stlcd.dir/stlcd.c.obj
                0x10000308                enable_Pico_pins
 .text.spiwrite
                0x10000378       0x40 CMakeFiles/stlcd.dir/stlcd.c.obj
                0x10000378                spiwrite
 .text.st7565_command
                0x100003b8       0x12 CMakeFiles/stlcd.dir/stlcd.c.obj
                0x100003b8                st7565_command
 .text.st7565_init
                0x100003ca       0x6c CMakeFiles/stlcd.dir/stlcd.c.obj
                0x100003ca                st7565_init
 .text.st7565_data
                0x10000436       0x12 CMakeFiles/stlcd.dir/stlcd.c.obj
                0x10000436                st7565_data
 .text.st7565_set_brightness
                0x10000448       0x14 CMakeFiles/stlcd.dir/stlcd.c.obj
                0x10000448                st7565_set_brightness
 .text.write_buffer
                0x1000045c       0x54 CMakeFiles/stlcd.dir/stlcd.c.obj
                0x1000045c                write_buffer
 .text.testdrawbitmap
                0x100004b0       0xf8 CMakeFiles/stlcd.dir/stlcd.c.obj
                0x100004b0                testdrawbitmap
 .text.setup    0x100005a8      0x124 CMakeFiles/stlcd.dir/stlcd.c.obj
                0x100005a8                setup
 .text.main     0x100006cc        0xa CMakeFiles/stlcd.dir/stlcd.c.obj
                0x100006cc                main
 .text.setpixel
                0x100006d6       0x42 CMakeFiles/stlcd.dir/glcd.c.obj
                0x100006d6                setpixel
 .text.drawbitmap
                0x10000718       0x76 CMakeFiles/stlcd.dir/glcd.c.obj
                0x10000718                drawbitmap
 *fill*         0x1000078e        0x2 
 .text.drawchar
                0x10000790       0x28 CMakeFiles/stlcd.dir/glcd.c.obj
                0x10000790                drawchar
 .text.drawstring
                0x100007b8       0x3c CMakeFiles/stlcd.dir/glcd.c.obj
                0x100007b8                drawstring
 .text.drawrect
                0x100007f4       0x86 CMakeFiles/stlcd.dir/glcd.c.obj
                0x100007f4                drawrect
 .text.clear_buffer
                0x1000087a        0xe CMakeFiles/stlcd.dir/glcd.c.obj
                0x1000087a                clear_buffer
 .text.gpio_set_function
                0x10000888       0x30 CMakeFiles/stlcd.dir/Users/brucebotes/projects/pipico/pico-sdk/src/rp2_common/hardware_gpio/gpio.c.obj
                0x10000888                gpio_set_function
 .text.gpio_init
                0x100008b8       0x16 CMakeFiles/stlcd.dir/Users/brucebotes/projects/pipico/pico-sdk/src/rp2_common/hardware_gpio/gpio.c.obj
                0x100008b8                gpio_init
 *fill*         0x100008ce        0x2 
 .text.running_on_fpga
                0x100008d0       0x14 CMakeFiles/stlcd.dir/Users/brucebotes/projects/pipico/pico-sdk/src/rp2_common/pico_platform/platform.c.obj
                0x100008d0                running_on_fpga
 .text.hw_claim_lock
                0x100008e4       0x18 CMakeFiles/stlcd.dir/Users/brucebotes/projects/pipico/pico-sdk/src/rp2_common/hardware_claim/claim.c.obj
                0x100008e4                hw_claim_lock
 .text.hw_claim_unlock
                0x100008fc       0x14 CMakeFiles/stlcd.dir/Users/brucebotes/projects/pipico/pico-sdk/src/rp2_common/hardware_claim/claim.c.obj
                0x100008fc                hw_claim_unlock
 .text.hw_claim_or_assert
                0x10000910       0x32 CMakeFiles/stlcd.dir/Users/brucebotes/projects/pipico/pico-sdk/src/rp2_common/hardware_claim/claim.c.obj
                0x10000910                hw_claim_or_assert
 *fill*         0x10000942        0x2 
 .text.spin_locks_reset
                0x10000944       0x20 CMakeFiles/stlcd.dir/Users/brucebotes/projects/pipico/pico-sdk/src/rp2_common/hardware_sync/sync.c.obj
                0x10000944                spin_locks_reset
 .text.next_striped_spin_lock_num
                0x10000964       0x1c CMakeFiles/stlcd.dir/Users/brucebotes/projects/pipico/pico-sdk/src/rp2_common/hardware_sync/sync.c.obj
                0x10000964                next_striped_spin_lock_num
 .text.set_raw_irq_handler_and_unlock
                0x10000980       0x28 CMakeFiles/stlcd.dir/Users/brucebotes/projects/pipico/pico-sdk/src/rp2_common/hardware_irq/irq.c.obj
 .text.resolve_branch
                0x100009a8       0x30 CMakeFiles/stlcd.dir/Users/brucebotes/projects/pipico/pico-sdk/src/rp2_common/hardware_irq/irq.c.obj
 .text.make_branch
                0x100009d8       0x48 CMakeFiles/stlcd.dir/Users/brucebotes/projects/pipico/pico-sdk/src/rp2_common/hardware_irq/irq.c.obj
 .text.insert_branch_and_link
                0x10000a20       0x40 CMakeFiles/stlcd.dir/Users/brucebotes/projects/pipico/pico-sdk/src/rp2_common/hardware_irq/irq.c.obj
 .text.irq_is_enabled
                0x10000a60       0x18 CMakeFiles/stlcd.dir/Users/brucebotes/projects/pipico/pico-sdk/src/rp2_common/hardware_irq/irq.c.obj
                0x10000a60                irq_is_enabled
 .text.irq_set_mask_enabled
                0x10000a78       0x20 CMakeFiles/stlcd.dir/Users/brucebotes/projects/pipico/pico-sdk/src/rp2_common/hardware_irq/irq.c.obj
                0x10000a78                irq_set_mask_enabled
 .text.irq_set_enabled
                0x10000a98        0xe CMakeFiles/stlcd.dir/Users/brucebotes/projects/pipico/pico-sdk/src/rp2_common/hardware_irq/irq.c.obj
                0x10000a98                irq_set_enabled
 *fill*         0x10000aa6        0x2 
 .text.irq_get_vtable_handler
                0x10000aa8       0x10 CMakeFiles/stlcd.dir/Users/brucebotes/projects/pipico/pico-sdk/src/rp2_common/hardware_irq/irq.c.obj
                0x10000aa8                irq_get_vtable_handler
 .text.irq_set_exclusive_handler
                0x10000ab8       0x54 CMakeFiles/stlcd.dir/Users/brucebotes/projects/pipico/pico-sdk/src/rp2_common/hardware_irq/irq.c.obj
                0x10000ab8                irq_set_exclusive_handler
 .text.irq_remove_handler
                0x10000b0c      0x188 CMakeFiles/stlcd.dir/Users/brucebotes/projects/pipico/pico-sdk/src/rp2_common/hardware_irq/irq.c.obj
                0x10000b0c                irq_remove_handler
 .text.irq_add_tail_to_free_list
                0x10000c94       0xf0 CMakeFiles/stlcd.dir/Users/brucebotes/projects/pipico/pico-sdk/src/rp2_common/hardware_irq/irq.c.obj
                0x10000c94                irq_add_tail_to_free_list
 .text.irq_init_priorities
                0x10000d84       0x1c CMakeFiles/stlcd.dir/Users/brucebotes/projects/pipico/pico-sdk/src/rp2_common/hardware_irq/irq.c.obj
                0x10000d84                irq_init_priorities
 .text.lock_init
                0x10000da0       0x10 CMakeFiles/stlcd.dir/Users/brucebotes/projects/pipico/pico-sdk/src/common/pico_sync/lock_core.c.obj
                0x10000da0                lock_init
 .text.mutex_init
                0x10000db0       0x1a CMakeFiles/stlcd.dir/Users/brucebotes/projects/pipico/pico-sdk/src/common/pico_sync/mutex.c.obj
                0x10000db0                mutex_init
 .text.recursive_mutex_init
                0x10000dca       0x1e CMakeFiles/stlcd.dir/Users/brucebotes/projects/pipico/pico-sdk/src/common/pico_sync/mutex.c.obj
                0x10000dca                recursive_mutex_init
 .text.time_reached
                0x10000de8       0x28 CMakeFiles/stlcd.dir/Users/brucebotes/projects/pipico/pico-sdk/src/common/pico_time/time.c.obj
 .text.get_entry
                0x10000e10       0x38 CMakeFiles/stlcd.dir/Users/brucebotes/projects/pipico/pico-sdk/src/common/pico_time/time.c.obj
 .text.timer_pool_entry_comparator
                0x10000e48       0x2e CMakeFiles/stlcd.dir/Users/brucebotes/projects/pipico/pico-sdk/src/common/pico_time/time.c.obj
                0x10000e48                timer_pool_entry_comparator
 *fill*         0x10000e76        0x2 
 .text.update_us_since_boot
                0x10000e78       0x24 CMakeFiles/stlcd.dir/Users/brucebotes/projects/pipico/pico-sdk/src/common/pico_time/time.c.obj
 .text.delayed_by_us
                0x10000e9c       0x34 CMakeFiles/stlcd.dir/Users/brucebotes/projects/pipico/pico-sdk/src/common/pico_time/time.c.obj
 .text.ph_get_node
                0x10000ed0       0x30 CMakeFiles/stlcd.dir/Users/brucebotes/projects/pipico/pico-sdk/src/common/pico_time/time.c.obj
 .text.ph_contains_node
                0x10000f00       0x1e CMakeFiles/stlcd.dir/Users/brucebotes/projects/pipico/pico-sdk/src/common/pico_time/time.c.obj
 .text.ph_new_node
                0x10000f1e       0x28 CMakeFiles/stlcd.dir/Users/brucebotes/projects/pipico/pico-sdk/src/common/pico_time/time.c.obj
 *fill*         0x10000f46        0x2 
 .text.ph_add_child_node
                0x10000f48       0x6c CMakeFiles/stlcd.dir/Users/brucebotes/projects/pipico/pico-sdk/src/common/pico_time/time.c.obj
 .text.ph_merge_nodes
                0x10000fb4       0x3e CMakeFiles/stlcd.dir/Users/brucebotes/projects/pipico/pico-sdk/src/common/pico_time/time.c.obj
 *fill*         0x10000ff2        0x2 
 .text.ph_insert_node
                0x10000ff4       0x3c CMakeFiles/stlcd.dir/Users/brucebotes/projects/pipico/pico-sdk/src/common/pico_time/time.c.obj
 .text.ph_free_node
                0x10001030       0x5c CMakeFiles/stlcd.dir/Users/brucebotes/projects/pipico/pico-sdk/src/common/pico_time/time.c.obj
 .text.get_entry_id_high
                0x1000108c       0x30 CMakeFiles/stlcd.dir/Users/brucebotes/projects/pipico/pico-sdk/src/common/pico_time/time.c.obj
 .text.alarm_pool_post_alloc_init
                0x100010bc       0x40 CMakeFiles/stlcd.dir/Users/brucebotes/projects/pipico/pico-sdk/src/common/pico_time/time.c.obj
 .text.sleep_until_callback
                0x100010fc       0x30 CMakeFiles/stlcd.dir/Users/brucebotes/projects/pipico/pico-sdk/src/common/pico_time/time.c.obj
 .text.get_absolute_time
                0x1000112c       0x22 CMakeFiles/stlcd.dir/Users/brucebotes/projects/pipico/pico-sdk/src/common/pico_time/time.c.obj
 .text.make_timeout_time_us
                0x1000114e       0x24 CMakeFiles/stlcd.dir/Users/brucebotes/projects/pipico/pico-sdk/src/common/pico_time/time.c.obj
 *fill*         0x10001172        0x2 
 .text.add_alarm_under_lock
                0x10001174       0x94 CMakeFiles/stlcd.dir/Users/brucebotes/projects/pipico/pico-sdk/src/common/pico_time/time.c.obj
 .text.alarm_pool_alarm_callback
                0x10001208      0x210 CMakeFiles/stlcd.dir/Users/brucebotes/projects/pipico/pico-sdk/src/common/pico_time/time.c.obj
 .text.alarm_pool_init_default
                0x10001418       0x40 CMakeFiles/stlcd.dir/Users/brucebotes/projects/pipico/pico-sdk/src/common/pico_time/time.c.obj
                0x10001418                alarm_pool_init_default
 .text.alarm_pool_get_default
                0x10001458       0x2c CMakeFiles/stlcd.dir/Users/brucebotes/projects/pipico/pico-sdk/src/common/pico_time/time.c.obj
                0x10001458                alarm_pool_get_default
 .text.alarm_pool_add_alarm_at
                0x10001484      0x10e CMakeFiles/stlcd.dir/Users/brucebotes/projects/pipico/pico-sdk/src/common/pico_time/time.c.obj
                0x10001484                alarm_pool_add_alarm_at
 .text.add_alarm_at
                0x10001592       0x2e CMakeFiles/stlcd.dir/Users/brucebotes/projects/pipico/pico-sdk/src/common/pico_time/time.c.obj
 .text.alarm_pool_cancel_alarm
                0x100015c0       0xa8 CMakeFiles/stlcd.dir/Users/brucebotes/projects/pipico/pico-sdk/src/common/pico_time/time.c.obj
                0x100015c0                alarm_pool_cancel_alarm
 .text.cancel_alarm
                0x10001668       0x10 CMakeFiles/stlcd.dir/Users/brucebotes/projects/pipico/pico-sdk/src/common/pico_time/time.c.obj
 .text.sleep_until
                0x10001678       0xb0 CMakeFiles/stlcd.dir/Users/brucebotes/projects/pipico/pico-sdk/src/common/pico_time/time.c.obj
                0x10001678                sleep_until
 .text.sleep_us
                0x10001728       0x1a CMakeFiles/stlcd.dir/Users/brucebotes/projects/pipico/pico-sdk/src/common/pico_time/time.c.obj
                0x10001728                sleep_us
 .text.sleep_ms
                0x10001742       0x14 CMakeFiles/stlcd.dir/Users/brucebotes/projects/pipico/pico-sdk/src/common/pico_time/time.c.obj
                0x10001742                sleep_ms
 *fill*         0x10001756        0x2 
 .text.best_effort_wfe_or_timeout
                0x10001758       0x44 CMakeFiles/stlcd.dir/Users/brucebotes/projects/pipico/pico-sdk/src/common/pico_time/time.c.obj
                0x10001758                best_effort_wfe_or_timeout
 .text.update_us_since_boot
                0x1000179c       0x24 CMakeFiles/stlcd.dir/Users/brucebotes/projects/pipico/pico-sdk/src/rp2_common/hardware_timer/timer.c.obj
 .text.hardware_alarm_irq_handler
                0x100017c0       0x8c CMakeFiles/stlcd.dir/Users/brucebotes/projects/pipico/pico-sdk/src/rp2_common/hardware_timer/timer.c.obj
 .text.hardware_alarm_claim
                0x1000184c       0x18 CMakeFiles/stlcd.dir/Users/brucebotes/projects/pipico/pico-sdk/src/rp2_common/hardware_timer/timer.c.obj
                0x1000184c                hardware_alarm_claim
 .text.time_us_64
                0x10001864       0x18 CMakeFiles/stlcd.dir/Users/brucebotes/projects/pipico/pico-sdk/src/rp2_common/hardware_timer/timer.c.obj
                0x10001864                time_us_64
 .text.busy_wait_until
                0x1000187c       0x28 CMakeFiles/stlcd.dir/Users/brucebotes/projects/pipico/pico-sdk/src/rp2_common/hardware_timer/timer.c.obj
                0x1000187c                busy_wait_until
 .text.busy_wait_us
                0x100018a4       0x3a CMakeFiles/stlcd.dir/Users/brucebotes/projects/pipico/pico-sdk/src/rp2_common/hardware_timer/timer.c.obj
                0x100018a4                busy_wait_us
 *fill*         0x100018de        0x2 
 .text.hardware_alarm_set_callback
                0x100018e0       0x90 CMakeFiles/stlcd.dir/Users/brucebotes/projects/pipico/pico-sdk/src/rp2_common/hardware_timer/timer.c.obj
                0x100018e0                hardware_alarm_set_callback
 .text.hardware_alarm_set_target
                0x10001970       0xe8 CMakeFiles/stlcd.dir/Users/brucebotes/projects/pipico/pico-sdk/src/rp2_common/hardware_timer/timer.c.obj
                0x10001970                hardware_alarm_set_target
 .text.hardware_alarm_cancel
                0x10001a58       0x40 CMakeFiles/stlcd.dir/Users/brucebotes/projects/pipico/pico-sdk/src/rp2_common/hardware_timer/timer.c.obj
                0x10001a58                hardware_alarm_cancel
 .text.ph_get_node
                0x10001a98       0x30 CMakeFiles/stlcd.dir/Users/brucebotes/projects/pipico/pico-sdk/src/common/pico_util/pheap.c.obj
 .text.ph_add_child_node
                0x10001ac8       0x6c CMakeFiles/stlcd.dir/Users/brucebotes/projects/pipico/pico-sdk/src/common/pico_util/pheap.c.obj
 .text.ph_merge_nodes
                0x10001b34       0x3e CMakeFiles/stlcd.dir/Users/brucebotes/projects/pipico/pico-sdk/src/common/pico_util/pheap.c.obj
 .text.ph_clear
                0x10001b72       0x34 CMakeFiles/stlcd.dir/Users/brucebotes/projects/pipico/pico-sdk/src/common/pico_util/pheap.c.obj
                0x10001b72                ph_clear
 .text.ph_post_alloc_init
                0x10001ba6        0xe CMakeFiles/stlcd.dir/Users/brucebotes/projects/pipico/pico-sdk/src/common/pico_util/pheap.c.obj
                0x10001ba6                ph_post_alloc_init
 .text.ph_merge_two_pass
                0x10001bb4       0x5c CMakeFiles/stlcd.dir/Users/brucebotes/projects/pipico/pico-sdk/src/common/pico_util/pheap.c.obj
                0x10001bb4                ph_merge_two_pass
 .text.ph_remove_any_head
                0x10001c10       0xc0 CMakeFiles/stlcd.dir/Users/brucebotes/projects/pipico/pico-sdk/src/common/pico_util/pheap.c.obj
 .text.ph_remove_head
                0x10001cd0       0x14 CMakeFiles/stlcd.dir/Users/brucebotes/projects/pipico/pico-sdk/src/common/pico_util/pheap.c.obj
                0x10001cd0                ph_remove_head
 .text.ph_remove_and_free_node
                0x10001ce4       0xa0 CMakeFiles/stlcd.dir/Users/brucebotes/projects/pipico/pico-sdk/src/common/pico_util/pheap.c.obj
                0x10001ce4                ph_remove_and_free_node
 .text.uart_disable_before_lcr_write
                0x10001d84       0x48 CMakeFiles/stlcd.dir/Users/brucebotes/projects/pipico/pico-sdk/src/rp2_common/hardware_uart/uart.c.obj
 .text.uart_write_lcr_bits_masked
                0x10001dcc       0x22 CMakeFiles/stlcd.dir/Users/brucebotes/projects/pipico/pico-sdk/src/rp2_common/hardware_uart/uart.c.obj
 *fill*         0x10001dee        0x2 
 .text.uart_set_baudrate
                0x10001df0       0x5c CMakeFiles/stlcd.dir/Users/brucebotes/projects/pipico/pico-sdk/src/rp2_common/hardware_uart/uart.c.obj
                0x10001df0                uart_set_baudrate
 .text.uart_set_format
                0x10001e4c       0x2c CMakeFiles/stlcd.dir/Users/brucebotes/projects/pipico/pico-sdk/src/rp2_common/hardware_uart/uart.c.obj
                0x10001e4c                uart_set_format
 .text.uart_set_translate_crlf
                0x10001e78       0x28 CMakeFiles/stlcd.dir/Users/brucebotes/projects/pipico/pico-sdk/src/rp2_common/hardware_uart/uart.c.obj
                0x10001e78                uart_set_translate_crlf
 .text.uart_init
                0x10001ea0       0x80 CMakeFiles/stlcd.dir/Users/brucebotes/projects/pipico/pico-sdk/src/rp2_common/hardware_uart/uart.c.obj
                0x10001ea0                uart_init
 .text.clock_configure
                0x10001f20      0x108 CMakeFiles/stlcd.dir/Users/brucebotes/projects/pipico/pico-sdk/src/rp2_common/hardware_clocks/clocks.c.obj
                0x10001f20                clock_configure
 .text.clocks_init
                0x10002028      0x100 CMakeFiles/stlcd.dir/Users/brucebotes/projects/pipico/pico-sdk/src/rp2_common/hardware_clocks/clocks.c.obj
                0x10002028                clocks_init
 .text.clock_get_hz
                0x10002128        0xc CMakeFiles/stlcd.dir/Users/brucebotes/projects/pipico/pico-sdk/src/rp2_common/hardware_clocks/clocks.c.obj
                0x10002128                clock_get_hz
 .text.pll_init
                0x10002134      0x120 CMakeFiles/stlcd.dir/Users/brucebotes/projects/pipico/pico-sdk/src/rp2_common/hardware_pll/pll.c.obj
                0x10002134                pll_init
 .text.watchdog_start_tick
                0x10002254       0x10 CMakeFiles/stlcd.dir/Users/brucebotes/projects/pipico/pico-sdk/src/rp2_common/hardware_watchdog/watchdog.c.obj
                0x10002254                watchdog_start_tick
 .text.xosc_init
                0x10002264       0x28 CMakeFiles/stlcd.dir/Users/brucebotes/projects/pipico/pico-sdk/src/rp2_common/hardware_xosc/xosc.c.obj
                0x10002264                xosc_init
 .text._exit    0x1000228c        0x4 CMakeFiles/stlcd.dir/Users/brucebotes/projects/pipico/pico-sdk/src/rp2_common/pico_runtime/runtime.c.obj
                0x1000228c                _exit
 .text.exit     0x10002290        0x6 CMakeFiles/stlcd.dir/Users/brucebotes/projects/pipico/pico-sdk/src/rp2_common/pico_runtime/runtime.c.obj
                0x10002290                exit
 *fill*         0x10002296        0x2 
 .text.__assert_func
                0x10002298       0x38 CMakeFiles/stlcd.dir/Users/brucebotes/projects/pipico/pico-sdk/src/rp2_common/pico_runtime/runtime.c.obj
                0x10002298                __assert_func
 .text.runtime_init
                0x100022d0       0xf8 CMakeFiles/stlcd.dir/Users/brucebotes/projects/pipico/pico-sdk/src/rp2_common/pico_runtime/runtime.c.obj
                0x100022d0                runtime_init
 .text.panic    0x100023c8       0x30 CMakeFiles/stlcd.dir/Users/brucebotes/projects/pipico/pico-sdk/src/rp2_common/pico_runtime/runtime.c.obj
                0x100023c8                panic
 .text._out_null
                0x100023f8        0x2 CMakeFiles/stlcd.dir/Users/brucebotes/projects/pipico/pico-sdk/src/rp2_common/pico_printf/printf.c.obj
 .text._out_fct
                0x100023fa        0xe CMakeFiles/stlcd.dir/Users/brucebotes/projects/pipico/pico-sdk/src/rp2_common/pico_printf/printf.c.obj
 .text._atoi    0x10002408       0x24 CMakeFiles/stlcd.dir/Users/brucebotes/projects/pipico/pico-sdk/src/rp2_common/pico_printf/printf.c.obj
 .text._out_rev
                0x1000242c       0xae CMakeFiles/stlcd.dir/Users/brucebotes/projects/pipico/pico-sdk/src/rp2_common/pico_printf/printf.c.obj
 .text._ntoa_format
                0x100024da      0x110 CMakeFiles/stlcd.dir/Users/brucebotes/projects/pipico/pico-sdk/src/rp2_common/pico_printf/printf.c.obj
 .text._ntoa_long
                0x100025ea       0xbc CMakeFiles/stlcd.dir/Users/brucebotes/projects/pipico/pico-sdk/src/rp2_common/pico_printf/printf.c.obj
 .text._ntoa_long_long
                0x100026a6      0x10e CMakeFiles/stlcd.dir/Users/brucebotes/projects/pipico/pico-sdk/src/rp2_common/pico_printf/printf.c.obj
 .text._etoa    0x100027b4      0x420 CMakeFiles/stlcd.dir/Users/brucebotes/projects/pipico/pico-sdk/src/rp2_common/pico_printf/printf.c.obj
 .text._ftoa    0x10002bd4      0x354 CMakeFiles/stlcd.dir/Users/brucebotes/projects/pipico/pico-sdk/src/rp2_common/pico_printf/printf.c.obj
 .text._vsnprintf
                0x10002f28      0x668 CMakeFiles/stlcd.dir/Users/brucebotes/projects/pipico/pico-sdk/src/rp2_common/pico_printf/printf.c.obj
 .text.vfctprintf
                0x10003590       0x20 CMakeFiles/stlcd.dir/Users/brucebotes/projects/pipico/pico-sdk/src/rp2_common/pico_printf/printf.c.obj
                0x10003590                vfctprintf
 .text          0x100035b0       0x10 CMakeFiles/stlcd.dir/Users/brucebotes/projects/pipico/pico-sdk/src/rp2_common/pico_bit_ops/bit_ops_aeabi.S.obj
 .text.rom_func_lookup
                0x100035c0       0x10 CMakeFiles/stlcd.dir/Users/brucebotes/projects/pipico/pico-sdk/src/rp2_common/pico_bootrom/bootrom.c.obj
                0x100035c0                rom_func_lookup
 .text.rom_data_lookup
                0x100035d0       0x10 CMakeFiles/stlcd.dir/Users/brucebotes/projects/pipico/pico-sdk/src/rp2_common/pico_bootrom/bootrom.c.obj
                0x100035d0                rom_data_lookup
 .text.rom_funcs_lookup
                0x100035e0       0x36 CMakeFiles/stlcd.dir/Users/brucebotes/projects/pipico/pico-sdk/src/rp2_common/pico_bootrom/bootrom.c.obj
                0x100035e0                rom_funcs_lookup
 *fill*         0x10003616        0x2 
 .text.__wrap___aeabi_idiv
                0x10003618       0x50 CMakeFiles/stlcd.dir/Users/brucebotes/projects/pipico/pico-sdk/src/rp2_common/pico_divider/divider.S.obj
                0x10003618                __wrap___aeabi_idivmod
                0x10003618                divmod_s32s32
                0x10003618                div_s32s32
                0x10003618                __wrap___aeabi_idiv
                0x10003620                divmod_s32s32_unsafe
                0x1000364c                divmod_s32s32_savestate
 .text.__wrap___aeabi_uidiv
                0x10003668       0x4c CMakeFiles/stlcd.dir/Users/brucebotes/projects/pipico/pico-sdk/src/rp2_common/pico_divider/divider.S.obj
                0x10003668                __wrap___aeabi_uidiv
                0x10003668                __wrap___aeabi_uidivmod
                0x10003668                div_u32u32
                0x10003668                divmod_u32u32
                0x10003670                divmod_u32u32_unsafe
                0x10003698                divmod_u32u32_savestate
 .text.__wrap___aeabi_ldiv
                0x100036b4      0x424 CMakeFiles/stlcd.dir/Users/brucebotes/projects/pipico/pico-sdk/src/rp2_common/pico_divider/divider.S.obj
                0x100036b4                __wrap___aeabi_ldivmod
                0x100036b4                div_s64s64
                0x100036b4                divmod_s64s64
                0x100036e4                divmod_u64u64
                0x100036e4                div_u64u64
                0x100036e4                __wrap___aeabi_uldivmod
                0x100036f4                divmod_u64u64_savestate
                0x10003714                divmod_s64s64_unsafe
                0x1000379c                divmod_u64u64_unsafe
 .text.__wrap___aeabi_darithmetic
                0x10003ad8       0x80 CMakeFiles/stlcd.dir/Users/brucebotes/projects/pipico/pico-sdk/src/rp2_common/pico_double/double_aeabi.S.obj
                0x10003ad8                __wrap___aeabi_drsub
                0x10003ade                __wrap___aeabi_dsub
                0x10003af0                __wrap___aeabi_dadd
                0x10003b02                __wrap___aeabi_ddiv
                0x10003b3e                __wrap___aeabi_dmul
 .text.__wrap___aeabi_cdcmple
                0x10003b58       0x6c CMakeFiles/stlcd.dir/Users/brucebotes/projects/pipico/pico-sdk/src/rp2_common/pico_double/double_aeabi.S.obj
                0x10003b58                __wrap___aeabi_cdrcmple
                0x10003b68                __wrap___aeabi_cdcmple
                0x10003b68                __wrap___aeabi_cdcmpeq
 .text.__wrap___aeabi_dcmplt
                0x10003bc4        0xc CMakeFiles/stlcd.dir/Users/brucebotes/projects/pipico/pico-sdk/src/rp2_common/pico_double/double_aeabi.S.obj
                0x10003bc4                __wrap___aeabi_dcmplt
 .text.__wrap___aeabi_dcmple
                0x10003bd0       0x10 CMakeFiles/stlcd.dir/Users/brucebotes/projects/pipico/pico-sdk/src/rp2_common/pico_double/double_aeabi.S.obj
                0x10003bd0                __wrap___aeabi_dcmple
 .text.__wrap___aeabi_dcmpge
                0x10003be0       0x10 CMakeFiles/stlcd.dir/Users/brucebotes/projects/pipico/pico-sdk/src/rp2_common/pico_double/double_aeabi.S.obj
                0x10003be0                __wrap___aeabi_dcmpge
 .text.__wrap___aeabi_dcmpgt
                0x10003bf0        0xa CMakeFiles/stlcd.dir/Users/brucebotes/projects/pipico/pico-sdk/src/rp2_common/pico_double/double_aeabi.S.obj
                0x10003bf0                __wrap___aeabi_dcmpgt
 .text.__wrap___aeabi_dcmpun
                0x10003bfa       0x1c CMakeFiles/stlcd.dir/Users/brucebotes/projects/pipico/pico-sdk/src/rp2_common/pico_double/double_aeabi.S.obj
                0x10003bfa                __wrap___aeabi_dcmpun
 *fill*         0x10003c16        0x2 
 .text.__wrap___aeabi_i2d
                0x10003c18       0x38 CMakeFiles/stlcd.dir/Users/brucebotes/projects/pipico/pico-sdk/src/rp2_common/pico_double/double_aeabi.S.obj
                0x10003c18                __wrap___aeabi_ui2d
                0x10003c20                __wrap___aeabi_i2d
 .text.__wrap___aeabi_d2iz
                0x10003c50       0x48 CMakeFiles/stlcd.dir/Users/brucebotes/projects/pipico/pico-sdk/src/rp2_common/pico_double/double_aeabi.S.obj
                0x10003c50                __wrap___aeabi_d2iz
                0x10003c50                double2int_z
 .text.__wrap___aeabi_d2uiz
                0x10003c98       0x18 CMakeFiles/stlcd.dir/Users/brucebotes/projects/pipico/pico-sdk/src/rp2_common/pico_double/double_aeabi.S.obj
                0x10003c98                double2uint
                0x10003c98                __wrap___aeabi_d2uiz
 .text.__aeabi_double_init
                0x10003cb0       0xcc CMakeFiles/stlcd.dir/Users/brucebotes/projects/pipico/pico-sdk/src/rp2_common/pico_double/double_init_rom.c.obj
                0x10003cb0                __aeabi_double_init
 .text.double_table_shim_on_use_helper
                0x10003d7c       0x34 CMakeFiles/stlcd.dir/Users/brucebotes/projects/pipico/pico-sdk/src/rp2_common/pico_double/double_v1_rom_shim.S.obj
                0x10003d7c                double_table_shim_on_use_helper
 .text.__wrap___aeabi_dsub
                0x10003db0       0x10 CMakeFiles/stlcd.dir/Users/brucebotes/projects/pipico/pico-sdk/src/rp2_common/pico_double/double_v1_rom_shim.S.obj
                0x10003db0                drsub_shim
                0x10003db6                dsub_shim
 .text.dadd_shim
                0x10003dc0      0x15c CMakeFiles/stlcd.dir/Users/brucebotes/projects/pipico/pico-sdk/src/rp2_common/pico_double/double_v1_rom_shim.S.obj
                0x10003dc0                dadd_shim
 .text.dmul_shim
                0x10003f1c      0x15c CMakeFiles/stlcd.dir/Users/brucebotes/projects/pipico/pico-sdk/src/rp2_common/pico_double/double_v1_rom_shim.S.obj
                0x10003f1c                dmul_shim
 .text.ddiv_shim
                0x10004078      0x1b0 CMakeFiles/stlcd.dir/Users/brucebotes/projects/pipico/pico-sdk/src/rp2_common/pico_double/double_v1_rom_shim.S.obj
                0x10004078                ddiv_shim
 .text.double2uint_shim
                0x10004228        0xe CMakeFiles/stlcd.dir/Users/brucebotes/projects/pipico/pico-sdk/src/rp2_common/pico_double/double_v1_rom_shim.S.obj
                0x10004228                double2uint_shim
                0x1000422a                double2ufix_shim
 *fill*         0x10004236        0x2 
 .text.double2uint64_shim
                0x10004238       0x70 CMakeFiles/stlcd.dir/Users/brucebotes/projects/pipico/pico-sdk/src/rp2_common/pico_double/double_v1_rom_shim.S.obj
                0x10004238                double2uint64_shim
                0x1000423a                double2ufix64_shim
                0x1000425a                d2fix_a
 .text.dunpacks
                0x100042a8       0x3c CMakeFiles/stlcd.dir/Users/brucebotes/projects/pipico/pico-sdk/src/rp2_common/pico_double/double_v1_rom_shim.S.obj
                0x100042a8                dunpacks
 .text.__aeabi_lmul
                0x100042e4       0x32 CMakeFiles/stlcd.dir/Users/brucebotes/projects/pipico/pico-sdk/src/rp2_common/pico_int64_ops/pico_int64_ops_aeabi.S.obj
                0x100042e4                __wrap___aeabi_lmul
 *fill*         0x10004316        0x2 
 .text.__aeabi_float_init
                0x10004318       0xfc CMakeFiles/stlcd.dir/Users/brucebotes/projects/pipico/pico-sdk/src/rp2_common/pico_float/float_init_rom.c.obj
                0x10004318                __aeabi_float_init
 .text.float_table_shim_on_use_helper
                0x10004414       0x34 CMakeFiles/stlcd.dir/Users/brucebotes/projects/pipico/pico-sdk/src/rp2_common/pico_float/float_v1_rom_shim.S.obj
                0x10004414                float_table_shim_on_use_helper
 .text          0x10004448       0x10 CMakeFiles/stlcd.dir/Users/brucebotes/projects/pipico/pico-sdk/src/rp2_common/pico_mem_ops/mem_ops_aeabi.S.obj
                0x10004448                __aeabi_mem_init
 .text.memset   0x10004458        0xc CMakeFiles/stlcd.dir/Users/brucebotes/projects/pipico/pico-sdk/src/rp2_common/pico_mem_ops/mem_ops_aeabi.S.obj
                0x10004458                __wrap_memset
 .text.memcpy   0x10004464        0xc CMakeFiles/stlcd.dir/Users/brucebotes/projects/pipico/pico-sdk/src/rp2_common/pico_mem_ops/mem_ops_aeabi.S.obj
                0x10004464                __wrap___aeabi_memcpy
                0x10004464                __wrap_memcpy
 .text.stdio_out_chars_no_crlf
                0x10004470        0xe CMakeFiles/stlcd.dir/Users/brucebotes/projects/pipico/pico-sdk/src/rp2_common/pico_stdio/stdio.c.obj
 *fill*         0x1000447e        0x2 
 .text.stdio_out_chars_crlf
                0x10004480       0x80 CMakeFiles/stlcd.dir/Users/brucebotes/projects/pipico/pico-sdk/src/rp2_common/pico_stdio/stdio.c.obj
 .text.stdio_stack_buffer_flush
                0x10004500       0x44 CMakeFiles/stlcd.dir/Users/brucebotes/projects/pipico/pico-sdk/src/rp2_common/pico_stdio/stdio.c.obj
 .text.stdio_buffered_printer
                0x10004544       0x20 CMakeFiles/stlcd.dir/Users/brucebotes/projects/pipico/pico-sdk/src/rp2_common/pico_stdio/stdio.c.obj
 .text.update_us_since_boot
                0x10004564       0x24 CMakeFiles/stlcd.dir/Users/brucebotes/projects/pipico/pico-sdk/src/rp2_common/pico_stdio/stdio.c.obj
 .text.get_absolute_time
                0x10004588       0x22 CMakeFiles/stlcd.dir/Users/brucebotes/projects/pipico/pico-sdk/src/rp2_common/pico_stdio/stdio.c.obj
 *fill*         0x100045aa        0x2 
 .text.delayed_by_ms
                0x100045ac       0x44 CMakeFiles/stlcd.dir/Users/brucebotes/projects/pipico/pico-sdk/src/rp2_common/pico_stdio/stdio.c.obj
 .text.make_timeout_time_ms
                0x100045f0       0x20 CMakeFiles/stlcd.dir/Users/brucebotes/projects/pipico/pico-sdk/src/rp2_common/pico_stdio/stdio.c.obj
 .text.stdout_serialize_begin
                0x10004610       0x20 CMakeFiles/stlcd.dir/Users/brucebotes/projects/pipico/pico-sdk/src/rp2_common/pico_stdio/stdio.c.obj
                0x10004610                stdout_serialize_begin
 .text.stdout_serialize_end
                0x10004630       0x10 CMakeFiles/stlcd.dir/Users/brucebotes/projects/pipico/pico-sdk/src/rp2_common/pico_stdio/stdio.c.obj
                0x10004630                stdout_serialize_end
 .text.stdio_put_string
                0x10004640       0x98 CMakeFiles/stlcd.dir/Users/brucebotes/projects/pipico/pico-sdk/src/rp2_common/pico_stdio/stdio.c.obj
 .text.stdio_set_driver_enabled
                0x100046d8       0x2c CMakeFiles/stlcd.dir/Users/brucebotes/projects/pipico/pico-sdk/src/rp2_common/pico_stdio/stdio.c.obj
                0x100046d8                stdio_set_driver_enabled
 .text.stdio_flush
                0x10004704       0x20 CMakeFiles/stlcd.dir/Users/brucebotes/projects/pipico/pico-sdk/src/rp2_common/pico_stdio/stdio.c.obj
                0x10004704                stdio_flush
 .text.__wrap_puts
                0x10004724       0x1e CMakeFiles/stlcd.dir/Users/brucebotes/projects/pipico/pico-sdk/src/rp2_common/pico_stdio/stdio.c.obj
                0x10004724                __wrap_puts
 *fill*         0x10004742        0x2 
 .text.__wrap_vprintf
                0x10004744       0x40 CMakeFiles/stlcd.dir/Users/brucebotes/projects/pipico/pico-sdk/src/rp2_common/pico_stdio/stdio.c.obj
                0x10004744                __wrap_vprintf
 .text.__wrap_printf
                0x10004784       0x18 CMakeFiles/stlcd.dir/Users/brucebotes/projects/pipico/pico-sdk/src/rp2_common/pico_stdio/stdio.c.obj
                0x10004784                __wrap_printf
 .text.stdio_init_all
                0x1000479c        0xa CMakeFiles/stlcd.dir/Users/brucebotes/projects/pipico/pico-sdk/src/rp2_common/pico_stdio/stdio.c.obj
                0x1000479c                stdio_init_all
 *fill*         0x100047a6        0x2 
 .text.uart_putc
                0x100047a8       0x60 CMakeFiles/stlcd.dir/Users/brucebotes/projects/pipico/pico-sdk/src/rp2_common/pico_stdio_uart/stdio_uart.c.obj
 .text.uart_getc
                0x10004808       0x24 CMakeFiles/stlcd.dir/Users/brucebotes/projects/pipico/pico-sdk/src/rp2_common/pico_stdio_uart/stdio_uart.c.obj
 .text.stdio_uart_out_chars
                0x1000482c       0x20 CMakeFiles/stlcd.dir/Users/brucebotes/projects/pipico/pico-sdk/src/rp2_common/pico_stdio_uart/stdio_uart.c.obj
 .text.stdio_uart_in_chars
                0x1000484c       0x5c CMakeFiles/stlcd.dir/Users/brucebotes/projects/pipico/pico-sdk/src/rp2_common/pico_stdio_uart/stdio_uart.c.obj
                0x1000484c                stdio_uart_in_chars
 .text.on_uart_rx
                0x100048a8       0x28 CMakeFiles/stlcd.dir/Users/brucebotes/projects/pipico/pico-sdk/src/rp2_common/pico_stdio_uart/stdio_uart.c.obj
 .text.stdio_uart_set_chars_available_callback
                0x100048d0       0x8c CMakeFiles/stlcd.dir/Users/brucebotes/projects/pipico/pico-sdk/src/rp2_common/pico_stdio_uart/stdio_uart.c.obj
 .text.stdio_uart_init_full
                0x1000495c       0x44 CMakeFiles/stlcd.dir/Users/brucebotes/projects/pipico/pico-sdk/src/rp2_common/pico_stdio_uart/stdio_uart.c.obj
                0x1000495c                stdio_uart_init_full
 .text.stdio_uart_init
                0x100049a0       0x28 CMakeFiles/stlcd.dir/Users/brucebotes/projects/pipico/pico-sdk/src/rp2_common/pico_stdio_uart/stdio_uart.c.obj
                0x100049a0                stdio_uart_init
 .text.spi_set_baudrate
                0x100049c8       0xc2 CMakeFiles/stlcd.dir/Users/brucebotes/projects/pipico/pico-sdk/src/rp2_common/hardware_spi/spi.c.obj
                0x100049c8                spi_set_baudrate
 *fill*         0x10004a8a        0x2 
 .text.spi_init
                0x10004a8c       0x74 CMakeFiles/stlcd.dir/Users/brucebotes/projects/pipico/pico-sdk/src/rp2_common/hardware_spi/spi.c.obj
                0x10004a8c                spi_init
 .text.srandom  0x10004b00       0x14 /Applications/ArmGNUToolchain/13.2.Rel1/arm-none-eabi/bin/../lib/gcc/arm-none-eabi/13.2.1/../../../../arm-none-eabi/lib/thumb/v6-m/nofp/libg.a(libc_a-random.o)
                0x10004b00                srandom
 .text.random   0x10004b14       0x34 /Applications/ArmGNUToolchain/13.2.Rel1/arm-none-eabi/bin/../lib/gcc/arm-none-eabi/13.2.1/../../../../arm-none-eabi/lib/thumb/v6-m/nofp/libg.a(libc_a-random.o)
                0x10004b14                random
 .text.strlen   0x10004b48       0x5c /Applications/ArmGNUToolchain/13.2.Rel1/arm-none-eabi/bin/../lib/gcc/arm-none-eabi/13.2.1/../../../../arm-none-eabi/lib/thumb/v6-m/nofp/libg.a(libc_a-strlen-stub.o)
                0x10004b48                strlen
 *(.fini)
 .fini          0x10004ba4        0x4 /Applications/ArmGNUToolchain/13.2.Rel1/arm-none-eabi/bin/../lib/gcc/arm-none-eabi/13.2.1/thumb/v6-m/nofp/crti.o
                0x10004ba4                _fini
 .fini.__stub   0x10004ba8       0x50 linker stubs
 *crtbegin.o(.ctors)
 *crtbegin?.o(.ctors)
 *(EXCLUDE_FILE(*crtend.o *crtend?.o) .ctors)
 *(SORT_BY_NAME(.ctors.*))
 *(.ctors)
 *crtbegin.o(.dtors)
 *crtbegin?.o(.dtors)
 *(EXCLUDE_FILE(*crtend.o *crtend?.o) .dtors)
 *(SORT_BY_NAME(.dtors.*))
 *(.dtors)
 *(.eh_frame*)
 .eh_frame      0x10004bf8        0x0 /Applications/ArmGNUToolchain/13.2.Rel1/arm-none-eabi/bin/../lib/gcc/arm-none-eabi/13.2.1/thumb/v6-m/nofp/crtbegin.o
                0x10004bf8                        . = ALIGN (0x4)

.glue_7         0x10004bf8        0x0
 .glue_7        0x10004bf8        0x0 linker stubs

.glue_7t        0x10004bf8        0x0
 .glue_7t       0x10004bf8        0x0 linker stubs

.vfp11_veneer   0x10004bf8        0x0
 .vfp11_veneer  0x10004bf8        0x0 linker stubs

.v4_bx          0x10004bf8        0x0
 .v4_bx         0x10004bf8        0x0 linker stubs

.iplt           0x10004bf8        0x0
 .iplt          0x10004bf8        0x0 /Applications/ArmGNUToolchain/13.2.Rel1/arm-none-eabi/bin/../lib/gcc/arm-none-eabi/13.2.1/thumb/v6-m/nofp/crtbegin.o

.rodata         0x10004bf8      0xf44
 *(EXCLUDE_FILE(*libm.a: *libc.a:*lib_a-mem*.o *libgcc.a:) .rodata*)
 .rodata.setup.str1.4
                0x10004bf8      0xa90 CMakeFiles/stlcd.dir/stlcd.c.obj
                                 0x40 (size before relaxing)
 .rodata.logo16_glcd_bmp
                0x10005688       0x20 CMakeFiles/stlcd.dir/stlcd.c.obj
 .rodata.resolve_branch.str1.4
                0x100056a8       0x65 CMakeFiles/stlcd.dir/Users/brucebotes/projects/pipico/pico-sdk/src/rp2_common/hardware_irq/irq.c.obj
 .rodata.make_branch.str1.4
                0x100056a8       0x30 CMakeFiles/stlcd.dir/Users/brucebotes/projects/pipico/pico-sdk/src/rp2_common/hardware_irq/irq.c.obj
 .rodata.insert_branch_and_link.str1.4
                0x100056a8       0x10 CMakeFiles/stlcd.dir/Users/brucebotes/projects/pipico/pico-sdk/src/rp2_common/hardware_irq/irq.c.obj
 .rodata.irq_set_exclusive_handler.str1.4
                0x100056a8       0x36 CMakeFiles/stlcd.dir/Users/brucebotes/projects/pipico/pico-sdk/src/rp2_common/hardware_irq/irq.c.obj
 .rodata.irq_remove_handler.str1.4
                0x100056a8       0x3a CMakeFiles/stlcd.dir/Users/brucebotes/projects/pipico/pico-sdk/src/rp2_common/hardware_irq/irq.c.obj
 .rodata.irq_add_tail_to_free_list.str1.4
                0x100056a8       0x3a CMakeFiles/stlcd.dir/Users/brucebotes/projects/pipico/pico-sdk/src/rp2_common/hardware_irq/irq.c.obj
 .rodata.__func__.0
                0x100056a8       0x1a CMakeFiles/stlcd.dir/Users/brucebotes/projects/pipico/pico-sdk/src/rp2_common/hardware_irq/irq.c.obj
 *fill*         0x100056c2        0x2 
 .rodata.__func__.1
                0x100056c4       0x17 CMakeFiles/stlcd.dir/Users/brucebotes/projects/pipico/pico-sdk/src/rp2_common/hardware_irq/irq.c.obj
 *fill*         0x100056db        0x1 
 .rodata.__func__.2
                0x100056dc       0x13 CMakeFiles/stlcd.dir/Users/brucebotes/projects/pipico/pico-sdk/src/rp2_common/hardware_irq/irq.c.obj
 *fill*         0x100056ef        0x1 
 .rodata.__func__.3
                0x100056f0        0xc CMakeFiles/stlcd.dir/Users/brucebotes/projects/pipico/pico-sdk/src/rp2_common/hardware_irq/irq.c.obj
 .rodata.__func__.4
                0x100056fc        0xf CMakeFiles/stlcd.dir/Users/brucebotes/projects/pipico/pico-sdk/src/rp2_common/hardware_irq/irq.c.obj
 *fill*         0x1000570b        0x1 
 .rodata.__func__.6
                0x1000570c       0x1a CMakeFiles/stlcd.dir/Users/brucebotes/projects/pipico/pico-sdk/src/rp2_common/hardware_irq/irq.c.obj
 .rodata.str1.4
                0x10005726       0x99 CMakeFiles/stlcd.dir/Users/brucebotes/projects/pipico/pico-sdk/src/common/pico_sync/mutex.c.obj
 *fill*         0x10005726        0x2 
 .rodata.__func__.1
                0x10005728        0xb CMakeFiles/stlcd.dir/Users/brucebotes/projects/pipico/pico-sdk/src/common/pico_sync/mutex.c.obj
 *fill*         0x10005733        0x1 
 .rodata.__func__.3
                0x10005734       0x18 CMakeFiles/stlcd.dir/Users/brucebotes/projects/pipico/pico-sdk/src/common/pico_sync/mutex.c.obj
 .rodata.get_entry.str1.4
                0x1000574c       0x6b CMakeFiles/stlcd.dir/Users/brucebotes/projects/pipico/pico-sdk/src/common/pico_time/time.c.obj
 .rodata.update_us_since_boot.str1.4
                0x1000574c       0x71 CMakeFiles/stlcd.dir/Users/brucebotes/projects/pipico/pico-sdk/src/common/pico_time/time.c.obj
 .rodata.ph_get_node.str1.4
                0x1000574c       0x76 CMakeFiles/stlcd.dir/Users/brucebotes/projects/pipico/pico-sdk/src/common/pico_time/time.c.obj
 .rodata.ph_add_child_node.str1.4
                0x1000574c       0x2e CMakeFiles/stlcd.dir/Users/brucebotes/projects/pipico/pico-sdk/src/common/pico_time/time.c.obj
 .rodata.ph_insert_node.str1.4
                0x1000574c        0x3 CMakeFiles/stlcd.dir/Users/brucebotes/projects/pipico/pico-sdk/src/common/pico_time/time.c.obj
 .rodata.ph_free_node.str1.4
                0x1000574c       0x38 CMakeFiles/stlcd.dir/Users/brucebotes/projects/pipico/pico-sdk/src/common/pico_time/time.c.obj
 .rodata.add_alarm_under_lock.str1.4
                0x1000574c       0x28 CMakeFiles/stlcd.dir/Users/brucebotes/projects/pipico/pico-sdk/src/common/pico_time/time.c.obj
 .rodata.alarm_pool_alarm_callback.str1.4
                0x1000574c       0x60 CMakeFiles/stlcd.dir/Users/brucebotes/projects/pipico/pico-sdk/src/common/pico_time/time.c.obj
 .rodata.alarm_pool_get_default.str1.4
                0x1000574c       0x21 CMakeFiles/stlcd.dir/Users/brucebotes/projects/pipico/pico-sdk/src/common/pico_time/time.c.obj
 .rodata.alarm_pool_cancel_alarm.str1.4
                0x1000574c       0x27 CMakeFiles/stlcd.dir/Users/brucebotes/projects/pipico/pico-sdk/src/common/pico_time/time.c.obj
 .rodata.sleep_until.str1.4
                0x1000574c       0x4d CMakeFiles/stlcd.dir/Users/brucebotes/projects/pipico/pico-sdk/src/common/pico_time/time.c.obj
 .rodata.__func__.1
                0x1000574c       0x18 CMakeFiles/stlcd.dir/Users/brucebotes/projects/pipico/pico-sdk/src/common/pico_time/time.c.obj
 .rodata.__func__.3
                0x10005764       0x17 CMakeFiles/stlcd.dir/Users/brucebotes/projects/pipico/pico-sdk/src/common/pico_time/time.c.obj
 *fill*         0x1000577b        0x1 
 .rodata.__func__.4
                0x1000577c       0x12 CMakeFiles/stlcd.dir/Users/brucebotes/projects/pipico/pico-sdk/src/common/pico_time/time.c.obj
 *fill*         0x1000578e        0x2 
 .rodata.__func__.5
                0x10005790        0xd CMakeFiles/stlcd.dir/Users/brucebotes/projects/pipico/pico-sdk/src/common/pico_time/time.c.obj
 *fill*         0x1000579d        0x3 
 .rodata.__func__.6
                0x100057a0       0x12 CMakeFiles/stlcd.dir/Users/brucebotes/projects/pipico/pico-sdk/src/common/pico_time/time.c.obj
 *fill*         0x100057b2        0x2 
 .rodata.__func__.7
                0x100057b4        0xf CMakeFiles/stlcd.dir/Users/brucebotes/projects/pipico/pico-sdk/src/common/pico_time/time.c.obj
 *fill*         0x100057c3        0x1 
 .rodata.__func__.8
                0x100057c4        0xc CMakeFiles/stlcd.dir/Users/brucebotes/projects/pipico/pico-sdk/src/common/pico_time/time.c.obj
 .rodata.__func__.9
                0x100057d0       0x15 CMakeFiles/stlcd.dir/Users/brucebotes/projects/pipico/pico-sdk/src/common/pico_time/time.c.obj
 *fill*         0x100057e5        0x3 
 .rodata.__func__.10
                0x100057e8       0x15 CMakeFiles/stlcd.dir/Users/brucebotes/projects/pipico/pico-sdk/src/common/pico_time/time.c.obj
 *fill*         0x100057fd        0x3 
 .rodata.__func__.11
                0x10005800       0x1a CMakeFiles/stlcd.dir/Users/brucebotes/projects/pipico/pico-sdk/src/common/pico_time/time.c.obj
 *fill*         0x1000581a        0x2 
 .rodata.__func__.12
                0x1000581c        0xa CMakeFiles/stlcd.dir/Users/brucebotes/projects/pipico/pico-sdk/src/common/pico_time/time.c.obj
 .rodata.update_us_since_boot.str1.4
                0x10005826       0x71 CMakeFiles/stlcd.dir/Users/brucebotes/projects/pipico/pico-sdk/src/rp2_common/hardware_timer/timer.c.obj
 .rodata.hardware_alarm_claim.str1.4
                0x10005826       0x22 CMakeFiles/stlcd.dir/Users/brucebotes/projects/pipico/pico-sdk/src/rp2_common/hardware_timer/timer.c.obj
 .rodata.hardware_alarm_set_target.str1.4
                0x10005826       0x75 CMakeFiles/stlcd.dir/Users/brucebotes/projects/pipico/pico-sdk/src/rp2_common/hardware_timer/timer.c.obj
 *fill*         0x10005826        0x2 
 .rodata.__func__.0
                0x10005828       0x1a CMakeFiles/stlcd.dir/Users/brucebotes/projects/pipico/pico-sdk/src/rp2_common/hardware_timer/timer.c.obj
 *fill*         0x10005842        0x2 
 .rodata.__func__.1
                0x10005844       0x15 CMakeFiles/stlcd.dir/Users/brucebotes/projects/pipico/pico-sdk/src/rp2_common/hardware_timer/timer.c.obj
 .rodata.ph_get_node.str1.4
                0x10005859       0x76 CMakeFiles/stlcd.dir/Users/brucebotes/projects/pipico/pico-sdk/src/common/pico_util/pheap.c.obj
 .rodata.ph_add_child_node.str1.4
                0x10005859       0x2e CMakeFiles/stlcd.dir/Users/brucebotes/projects/pipico/pico-sdk/src/common/pico_util/pheap.c.obj
 .rodata.ph_remove_any_head.str1.4
                0x10005859       0xb0 CMakeFiles/stlcd.dir/Users/brucebotes/projects/pipico/pico-sdk/src/common/pico_util/pheap.c.obj
 .rodata.ph_remove_and_free_node.str1.4
                0x10005859       0x26 CMakeFiles/stlcd.dir/Users/brucebotes/projects/pipico/pico-sdk/src/common/pico_util/pheap.c.obj
 *fill*         0x10005859        0x3 
 .rodata.__func__.0
                0x1000585c       0x18 CMakeFiles/stlcd.dir/Users/brucebotes/projects/pipico/pico-sdk/src/common/pico_util/pheap.c.obj
 .rodata.__func__.1
                0x10005874       0x13 CMakeFiles/stlcd.dir/Users/brucebotes/projects/pipico/pico-sdk/src/common/pico_util/pheap.c.obj
 *fill*         0x10005887        0x1 
 .rodata.__func__.2
                0x10005888       0x12 CMakeFiles/stlcd.dir/Users/brucebotes/projects/pipico/pico-sdk/src/common/pico_util/pheap.c.obj
 *fill*         0x1000589a        0x2 
 .rodata.__func__.3
                0x1000589c        0xc CMakeFiles/stlcd.dir/Users/brucebotes/projects/pipico/pico-sdk/src/common/pico_util/pheap.c.obj
 .rodata.clock_configure.str1.4
                0x100058a8       0x67 CMakeFiles/stlcd.dir/Users/brucebotes/projects/pipico/pico-sdk/src/rp2_common/hardware_clocks/clocks.c.obj
 .rodata.__func__.1
                0x100058a8       0x10 CMakeFiles/stlcd.dir/Users/brucebotes/projects/pipico/pico-sdk/src/rp2_common/hardware_clocks/clocks.c.obj
 .rodata.pll_init.str1.4
                0x100058b8      0x134 CMakeFiles/stlcd.dir/Users/brucebotes/projects/pipico/pico-sdk/src/rp2_common/hardware_pll/pll.c.obj
 .rodata.__func__.0
                0x100058b8        0x9 CMakeFiles/stlcd.dir/Users/brucebotes/projects/pipico/pico-sdk/src/rp2_common/hardware_pll/pll.c.obj
 .rodata.__assert_func.str1.4
                0x100058c1       0x43 CMakeFiles/stlcd.dir/Users/brucebotes/projects/pipico/pico-sdk/src/rp2_common/pico_runtime/runtime.c.obj
 .rodata.runtime_init.str1.4
                0x100058c1       0x71 CMakeFiles/stlcd.dir/Users/brucebotes/projects/pipico/pico-sdk/src/rp2_common/pico_runtime/runtime.c.obj
 .rodata.panic.str1.4
                0x100058c1       0x12 CMakeFiles/stlcd.dir/Users/brucebotes/projects/pipico/pico-sdk/src/rp2_common/pico_runtime/runtime.c.obj
 *fill*         0x100058c1        0x3 
 .rodata.__func__.2
                0x100058c4        0xd CMakeFiles/stlcd.dir/Users/brucebotes/projects/pipico/pico-sdk/src/rp2_common/pico_runtime/runtime.c.obj
 .rodata._ftoa.str1.4
                0x100058d1       0x15 CMakeFiles/stlcd.dir/Users/brucebotes/projects/pipico/pico-sdk/src/rp2_common/pico_printf/printf.c.obj
 *fill*         0x100058d1        0x3 
 .rodata._vsnprintf
                0x100058d4      0x19c CMakeFiles/stlcd.dir/Users/brucebotes/projects/pipico/pico-sdk/src/rp2_common/pico_printf/printf.c.obj
 .rodata.pow10.0
                0x10005a70       0x50 CMakeFiles/stlcd.dir/Users/brucebotes/projects/pipico/pico-sdk/src/rp2_common/pico_printf/printf.c.obj
 .rodata.__aeabi_double_init.str1.4
                0x10005ac0       0xac CMakeFiles/stlcd.dir/Users/brucebotes/projects/pipico/pico-sdk/src/rp2_common/pico_double/double_init_rom.c.obj
 .rodata.__func__.0
                0x10005ac0       0x14 CMakeFiles/stlcd.dir/Users/brucebotes/projects/pipico/pico-sdk/src/rp2_common/pico_double/double_init_rom.c.obj
 .rodata.__aeabi_float_init.str1.4
                0x10005ad4       0x8e CMakeFiles/stlcd.dir/Users/brucebotes/projects/pipico/pico-sdk/src/rp2_common/pico_float/float_init_rom.c.obj
 .rodata.__func__.0
                0x10005ad4       0x13 CMakeFiles/stlcd.dir/Users/brucebotes/projects/pipico/pico-sdk/src/rp2_common/pico_float/float_init_rom.c.obj
 .rodata.str1.4
                0x10005ae7       0x3c CMakeFiles/stlcd.dir/Users/brucebotes/projects/pipico/pico-sdk/src/rp2_common/pico_standard_link/binary_info.c.obj
 *fill*         0x10005ae7        0x1 
 .rodata.__bi_81
                0x10005ae8        0xc CMakeFiles/stlcd.dir/Users/brucebotes/projects/pipico/pico-sdk/src/rp2_common/pico_standard_link/binary_info.c.obj
 .rodata.__bi_75
                0x10005af4        0xc CMakeFiles/stlcd.dir/Users/brucebotes/projects/pipico/pico-sdk/src/rp2_common/pico_standard_link/binary_info.c.obj
 .rodata.__bi_44
                0x10005b00        0xc CMakeFiles/stlcd.dir/Users/brucebotes/projects/pipico/pico-sdk/src/rp2_common/pico_standard_link/binary_info.c.obj
 .rodata.update_us_since_boot.str1.4
                0x10005b0c       0x71 CMakeFiles/stlcd.dir/Users/brucebotes/projects/pipico/pico-sdk/src/rp2_common/pico_stdio/stdio.c.obj
 .rodata.crlf_str.2
                0x10005b0c        0x2 CMakeFiles/stlcd.dir/Users/brucebotes/projects/pipico/pico-sdk/src/rp2_common/pico_stdio/stdio.c.obj
 *fill*         0x10005b0e        0x2 
 .rodata.__func__.3
                0x10005b10       0x15 CMakeFiles/stlcd.dir/Users/brucebotes/projects/pipico/pico-sdk/src/rp2_common/pico_stdio/stdio.c.obj
 .rodata.str1.4
                0x10005b25       0x2c CMakeFiles/stlcd.dir/Users/brucebotes/projects/pipico/pico-sdk/src/rp2_common/pico_stdio_uart/stdio_uart.c.obj
 *fill*         0x10005b25        0x3 
 .rodata.__bi_33.4
                0x10005b28        0xc CMakeFiles/stlcd.dir/Users/brucebotes/projects/pipico/pico-sdk/src/rp2_common/pico_stdio_uart/stdio_uart.c.obj
 .rodata.__bi_34.5
                0x10005b34        0x8 CMakeFiles/stlcd.dir/Users/brucebotes/projects/pipico/pico-sdk/src/rp2_common/pico_stdio_uart/stdio_uart.c.obj
                0x10005b3c                        . = ALIGN (0x4)
 *(SORT_BY_ALIGNMENT(SORT_BY_NAME(.flashdata*)))
                0x10005b3c                        . = ALIGN (0x4)

.ARM.extab
 *(.ARM.extab* .gnu.linkonce.armextab.*)
                0x10005b3c                        __exidx_start = .

.ARM.exidx
 *(.ARM.exidx* .gnu.linkonce.armexidx.*)
                0x10005b3c                        __exidx_end = .
                0x10005b3c                        . = ALIGN (0x4)
                0x10005b3c                        __binary_info_start = .

.binary_info    0x10005b3c       0x24
 *(.binary_info.keep.*)
 .binary_info.keep.__bi_ptr81
                0x10005b3c        0x4 CMakeFiles/stlcd.dir/Users/brucebotes/projects/pipico/pico-sdk/src/rp2_common/pico_standard_link/binary_info.c.obj
 .binary_info.keep.__bi_ptr75
                0x10005b40        0x4 CMakeFiles/stlcd.dir/Users/brucebotes/projects/pipico/pico-sdk/src/rp2_common/pico_standard_link/binary_info.c.obj
 .binary_info.keep.__bi_ptr50
                0x10005b44        0x4 CMakeFiles/stlcd.dir/Users/brucebotes/projects/pipico/pico-sdk/src/rp2_common/pico_standard_link/binary_info.c.obj
 .binary_info.keep.__bi_ptr44
                0x10005b48        0x4 CMakeFiles/stlcd.dir/Users/brucebotes/projects/pipico/pico-sdk/src/rp2_common/pico_standard_link/binary_info.c.obj
 .binary_info.keep.__bi_ptr38
                0x10005b4c        0x4 CMakeFiles/stlcd.dir/Users/brucebotes/projects/pipico/pico-sdk/src/rp2_common/pico_standard_link/binary_info.c.obj
 .binary_info.keep.__bi_ptr30
                0x10005b50        0x4 CMakeFiles/stlcd.dir/Users/brucebotes/projects/pipico/pico-sdk/src/rp2_common/pico_standard_link/binary_info.c.obj
 .binary_info.keep.__bi_ptr22
                0x10005b54        0x4 CMakeFiles/stlcd.dir/Users/brucebotes/projects/pipico/pico-sdk/src/rp2_common/pico_standard_link/binary_info.c.obj
 *(.binary_info.*)
 .binary_info.__bi_ptr34
                0x10005b58        0x4 CMakeFiles/stlcd.dir/Users/brucebotes/projects/pipico/pico-sdk/src/rp2_common/pico_stdio_uart/stdio_uart.c.obj
 .binary_info.__bi_ptr33
                0x10005b5c        0x4 CMakeFiles/stlcd.dir/Users/brucebotes/projects/pipico/pico-sdk/src/rp2_common/pico_stdio_uart/stdio_uart.c.obj
                0x10005b60                        __binary_info_end = .

.rel.dyn        0x10005b60        0x0
 .rel.iplt      0x10005b60        0x0 /Applications/ArmGNUToolchain/13.2.Rel1/arm-none-eabi/bin/../lib/gcc/arm-none-eabi/13.2.1/thumb/v6-m/nofp/crtbegin.o
                0x10005b60                        . = ALIGN (0x4)

.ram_vector_table
                0x20000000       0xc0
 *(.ram_vector_table)
 .ram_vector_table
                0x20000000       0xc0 CMakeFiles/stlcd.dir/Users/brucebotes/projects/pipico/pico-sdk/src/rp2_common/pico_runtime/runtime.c.obj
                0x20000000                ram_vector_table

.data           0x200000c0      0xccc load address 0x10005b60
                0x200000c0                        __data_start__ = .
 *(vtable)
 *(.time_critical*)
 .time_critical.mutex_try_enter
                0x200000c0       0x46 CMakeFiles/stlcd.dir/Users/brucebotes/projects/pipico/pico-sdk/src/common/pico_sync/mutex.c.obj
                0x200000c0                mutex_try_enter
 *fill*         0x20000106        0x2 
 .time_critical.mutex_enter_block_until
                0x20000108       0x8c CMakeFiles/stlcd.dir/Users/brucebotes/projects/pipico/pico-sdk/src/common/pico_sync/mutex.c.obj
                0x20000108                mutex_enter_block_until
 .time_critical.mutex_try_enter_block_until
                0x20000194       0x34 CMakeFiles/stlcd.dir/Users/brucebotes/projects/pipico/pico-sdk/src/common/pico_sync/mutex.c.obj
                0x20000194                mutex_try_enter_block_until
 .time_critical.mutex_exit
                0x200001c8       0x4c CMakeFiles/stlcd.dir/Users/brucebotes/projects/pipico/pico-sdk/src/common/pico_sync/mutex.c.obj
                0x200001c8                mutex_exit
 .time_critical.spi_write_blocking
                0x20000214       0x3a CMakeFiles/stlcd.dir/Users/brucebotes/projects/pipico/pico-sdk/src/rp2_common/hardware_spi/spi.c.obj
                0x20000214                spi_write_blocking
 *(.text*)
 *fill*         0x2000024e        0x2 
 .text          0x20000250        0x4 /Applications/ArmGNUToolchain/13.2.Rel1/arm-none-eabi/bin/../lib/gcc/arm-none-eabi/13.2.1/thumb/v6-m/nofp/libgcc.a(_dvmd_tls.o)
                0x20000250                __aeabi_ldiv0
                0x20000250                __aeabi_idiv0
 *fill*         0x20000254        0x4 
 .text.__stub   0x20000258       0x20 linker stubs
                0x20000278                        . = ALIGN (0x4)
 *(.rodata*)
                0x20000278                        . = ALIGN (0x4)
 *(.data*)
 .data.buffer   0x20000278      0x400 CMakeFiles/stlcd.dir/stlcd.c.obj
                0x20000278                buffer
 .data.pagemap  0x20000678       0x20 CMakeFiles/stlcd.dir/stlcd.c.obj
                0x20000678                pagemap
 .data.font     0x20000698      0x4fb CMakeFiles/stlcd.dir/glcdfont.c.obj
                0x20000698                font
 .data.striped_spin_lock_num
                0x20000b93        0x1 CMakeFiles/stlcd.dir/Users/brucebotes/projects/pipico/pico-sdk/src/rp2_common/hardware_sync/sync.c.obj
 .data          0x20000b94       0x48 CMakeFiles/stlcd.dir/Users/brucebotes/projects/pipico/pico-sdk/src/rp2_common/hardware_irq/irq_handler_chain.S.obj
                0x20000b94                irq_handler_chain_slots
                0x20000bc4                irq_handler_chain_first_slot
                0x20000bce                irq_handler_chain_remove_tail
 .data.default_alarm_pool
                0x20000bdc       0x18 CMakeFiles/stlcd.dir/Users/brucebotes/projects/pipico/pico-sdk/src/common/pico_time/time.c.obj
 .data.default_alarm_pool_heap
                0x20000bf4       0x10 CMakeFiles/stlcd.dir/Users/brucebotes/projects/pipico/pico-sdk/src/common/pico_time/time.c.obj
 *fill*         0x20000c04        0xc 
 .data.aeabi_bits_funcs
                0x20000c10       0x10 CMakeFiles/stlcd.dir/Users/brucebotes/projects/pipico/pico-sdk/src/rp2_common/pico_bit_ops/bit_ops_aeabi.S.obj
                0x20000c10                aeabi_bits_funcs
                0x20000c20                aeabi_bits_funcs_end
 .data.aeabi_mem_funcs
                0x20000c20       0x10 CMakeFiles/stlcd.dir/Users/brucebotes/projects/pipico/pico-sdk/src/rp2_common/pico_mem_ops/mem_ops_aeabi.S.obj
                0x20000c20                aeabi_mem_funcs
                0x20000c30                aeabi_mem_funcs_end
 .data.stdio_uart
                0x20000c30       0x18 CMakeFiles/stlcd.dir/Users/brucebotes/projects/pipico/pico-sdk/src/rp2_common/pico_stdio_uart/stdio_uart.c.obj
                0x20000c30                stdio_uart
 .data._impure_ptr
                0x20000c48        0x4 /Applications/ArmGNUToolchain/13.2.Rel1/arm-none-eabi/bin/../lib/gcc/arm-none-eabi/13.2.1/../../../../arm-none-eabi/lib/thumb/v6-m/nofp/libg.a(libc_a-impure.o)
                0x20000c48                _impure_ptr
 *fill*         0x20000c4c        0x4 
 .data._impure_data
                0x20000c50      0x120 /Applications/ArmGNUToolchain/13.2.Rel1/arm-none-eabi/bin/../lib/gcc/arm-none-eabi/13.2.1/../../../../arm-none-eabi/lib/thumb/v6-m/nofp/libg.a(libc_a-impure.o)
                0x20000c50                _impure_data
                0x20000d70                        . = ALIGN (0x4)
 *(.after_data.*)
                0x20000d70                        . = ALIGN (0x4)
                0x20000d70                        PROVIDE (__mutex_array_start = .)
 *(SORT_BY_NAME(.mutex_array.*))
 *(.mutex_array)
 .mutex_array   0x20000d70        0x8 CMakeFiles/stlcd.dir/Users/brucebotes/projects/pipico/pico-sdk/src/rp2_common/pico_stdio/stdio.c.obj
                0x20000d78                        PROVIDE (__mutex_array_end = .)
                0x20000d78                        . = ALIGN (0x4)
                0x20000d78                        PROVIDE (__preinit_array_start = .)
 *(SORT_BY_NAME(.preinit_array.*))
 .preinit_array.00001
                0x20000d78        0x4 CMakeFiles/stlcd.dir/Users/brucebotes/projects/pipico/pico-sdk/src/rp2_common/pico_mem_ops/mem_ops_aeabi.S.obj
 .preinit_array.00010
                0x20000d7c        0x4 CMakeFiles/stlcd.dir/Users/brucebotes/projects/pipico/pico-sdk/src/rp2_common/pico_bit_ops/bit_ops_aeabi.S.obj
 .preinit_array.00020
                0x20000d80        0x4 CMakeFiles/stlcd.dir/Users/brucebotes/projects/pipico/pico-sdk/src/rp2_common/pico_double/double_aeabi.S.obj
 .preinit_array.00020
                0x20000d84        0x4 CMakeFiles/stlcd.dir/Users/brucebotes/projects/pipico/pico-sdk/src/rp2_common/pico_float/float_aeabi.S.obj
 *(.preinit_array)
                0x20000d88                        PROVIDE (__preinit_array_end = .)
                0x20000d88                        . = ALIGN (0x4)
                0x20000d88                        PROVIDE (__init_array_start = .)
 *(SORT_BY_NAME(.init_array.*))
 *(.init_array)
 .init_array    0x20000d88        0x4 /Applications/ArmGNUToolchain/13.2.Rel1/arm-none-eabi/bin/../lib/gcc/arm-none-eabi/13.2.1/thumb/v6-m/nofp/crtbegin.o
                0x20000d8c                        PROVIDE (__init_array_end = .)
                0x20000d8c                        . = ALIGN (0x4)
                [!provide]                        PROVIDE (__fini_array_start = .)
 *(SORT_BY_NAME(.fini_array.*))
 *(.fini_array)
                [!provide]                        PROVIDE (__fini_array_end = .)
 *(.jcr)
                0x20000d8c                        . = ALIGN (0x4)
                0x20000d8c                        __data_end__ = .
                0x10005b60                        __etext = LOADADDR (.data)

.tm_clone_table
                0x20000d8c        0x0 load address 0x1000682c
 .tm_clone_table
                0x20000d8c        0x0 /Applications/ArmGNUToolchain/13.2.Rel1/arm-none-eabi/bin/../lib/gcc/arm-none-eabi/13.2.1/thumb/v6-m/nofp/crtbegin.o
 .tm_clone_table
                0x20000d8c        0x0 /Applications/ArmGNUToolchain/13.2.Rel1/arm-none-eabi/bin/../lib/gcc/arm-none-eabi/13.2.1/thumb/v6-m/nofp/crtend.o

.igot.plt       0x20000d8c        0x0 load address 0x1000682c
 .igot.plt      0x20000d8c        0x0 /Applications/ArmGNUToolchain/13.2.Rel1/arm-none-eabi/bin/../lib/gcc/arm-none-eabi/13.2.1/thumb/v6-m/nofp/crtbegin.o

.uninitialized_data
                0x20000d8c        0x0 load address 0x1000682c
                0x20000d8c                        . = ALIGN (0x4)
 *(.uninitialized_data*)

.scratch_x      0x20040000        0x0 load address 0x1000682c
                0x20040000                        __scratch_x_start__ = .
 *(.scratch_x.*)
                0x20040000                        . = ALIGN (0x4)
                0x20040000                        __scratch_x_end__ = .
                0x1000682c                        __scratch_x_source__ = LOADADDR (.scratch_x)

.scratch_y      0x20041000        0x0 load address 0x1000682c
                0x20041000                        __scratch_y_start__ = .
 *(.scratch_y.*)
                0x20041000                        . = ALIGN (0x4)
                0x20041000                        __scratch_y_end__ = .
                0x1000682c                        __scratch_y_source__ = LOADADDR (.scratch_y)

.bss            0x20000d90      0x50c
                0x20000d90                        . = ALIGN (0x4)
                0x20000d90                        __bss_start__ = .
 *(SORT_BY_ALIGNMENT(SORT_BY_NAME(.bss*)))
 .bss.default_alarm_pool_entries
                0x20000d90      0x100 CMakeFiles/stlcd.dir/Users/brucebotes/projects/pipico/pico-sdk/src/common/pico_time/time.c.obj
 .bss.__sf      0x20000e90      0x138 /Applications/ArmGNUToolchain/13.2.Rel1/arm-none-eabi/bin/../lib/gcc/arm-none-eabi/13.2.1/../../../../arm-none-eabi/lib/thumb/v6-m/nofp/libg.a(libc_a-findfp.o)
                0x20000e90                __sf
 .bss.alarm_callbacks
                0x20000fc8       0x10 CMakeFiles/stlcd.dir/Users/brucebotes/projects/pipico/pico-sdk/src/rp2_common/hardware_timer/timer.c.obj
 .bss.chars_available_callback
                0x20000fd8        0x4 CMakeFiles/stlcd.dir/Users/brucebotes/projects/pipico/pico-sdk/src/rp2_common/pico_stdio_uart/stdio_uart.c.obj
 .bss.chars_available_param
                0x20000fdc        0x4 CMakeFiles/stlcd.dir/Users/brucebotes/projects/pipico/pico-sdk/src/rp2_common/pico_stdio_uart/stdio_uart.c.obj
 .bss.configured_freq
                0x20000fe0       0x28 CMakeFiles/stlcd.dir/Users/brucebotes/projects/pipico/pico-sdk/src/rp2_common/hardware_clocks/clocks.c.obj
 .bss.default_alarm_pool_entry_ids_high
                0x20001008       0x10 CMakeFiles/stlcd.dir/Users/brucebotes/projects/pipico/pico-sdk/src/common/pico_time/time.c.obj
 .bss.default_alarm_pool_heap_nodes
                0x20001018       0x30 CMakeFiles/stlcd.dir/Users/brucebotes/projects/pipico/pico-sdk/src/common/pico_time/time.c.obj
 .bss.drivers   0x20001048        0x4 CMakeFiles/stlcd.dir/Users/brucebotes/projects/pipico/pico-sdk/src/rp2_common/pico_stdio/stdio.c.obj
 .bss.filter    0x2000104c        0x4 CMakeFiles/stlcd.dir/Users/brucebotes/projects/pipico/pico-sdk/src/rp2_common/pico_stdio/stdio.c.obj
 .bss.object.0  0x20001050       0x18 /Applications/ArmGNUToolchain/13.2.Rel1/arm-none-eabi/bin/../lib/gcc/arm-none-eabi/13.2.1/thumb/v6-m/nofp/crtbegin.o
 .bss.pools     0x20001068       0x10 CMakeFiles/stlcd.dir/Users/brucebotes/projects/pipico/pico-sdk/src/common/pico_time/time.c.obj
 .bss.sd_table  0x20001078      0x100 CMakeFiles/stlcd.dir/Users/brucebotes/projects/pipico/pico-sdk/src/rp2_common/pico_double/double_init_rom.c.obj
                0x20001078                sd_table
 .bss.sf_clz_func
                0x20001178        0x4 CMakeFiles/stlcd.dir/Users/brucebotes/projects/pipico/pico-sdk/src/rp2_common/pico_double/double_init_rom.c.obj
                0x20001178                sf_clz_func
 .bss.sf_table  0x2000117c      0x100 CMakeFiles/stlcd.dir/Users/brucebotes/projects/pipico/pico-sdk/src/rp2_common/pico_float/float_init_rom.c.obj
                0x2000117c                sf_table
 .bss.sleep_notifier
                0x2000127c        0x4 CMakeFiles/stlcd.dir/Users/brucebotes/projects/pipico/pico-sdk/src/common/pico_time/time.c.obj
 .bss.target_hi
                0x20001280       0x10 CMakeFiles/stlcd.dir/Users/brucebotes/projects/pipico/pico-sdk/src/rp2_common/hardware_timer/timer.c.obj
 .bss.uart_char_to_line_feed
                0x20001290        0x4 CMakeFiles/stlcd.dir/Users/brucebotes/projects/pipico/pico-sdk/src/rp2_common/hardware_uart/uart.c.obj
                0x20001290                uart_char_to_line_feed
 .bss.uart_instance
                0x20001294        0x4 CMakeFiles/stlcd.dir/Users/brucebotes/projects/pipico/pico-sdk/src/rp2_common/pico_stdio_uart/stdio_uart.c.obj
 .bss.claimed   0x20001298        0x1 CMakeFiles/stlcd.dir/Users/brucebotes/projects/pipico/pico-sdk/src/rp2_common/hardware_timer/timer.c.obj
 .bss.irq_hander_chain_free_slot_head
                0x20001299        0x1 CMakeFiles/stlcd.dir/Users/brucebotes/projects/pipico/pico-sdk/src/rp2_common/hardware_irq/irq.c.obj
 .bss.timer_callbacks_pending
                0x2000129a        0x1 CMakeFiles/stlcd.dir/Users/brucebotes/projects/pipico/pico-sdk/src/rp2_common/hardware_timer/timer.c.obj
 *(COMMON)
                0x2000129c                        . = ALIGN (0x4)
 *fill*         0x2000129b        0x1 
                0x2000129c                        __bss_end__ = .

.heap           0x2000129c      0x800
                0x2000129c                        __end__ = .
                0x2000129c                        end = __end__
 *(.heap*)
 .heap          0x2000129c      0x800 CMakeFiles/stlcd.dir/Users/brucebotes/projects/pipico/pico-sdk/src/rp2_common/pico_standard_link/crt0.S.obj
                0x20001a9c                        __HeapLimit = .

.stack1_dummy
 *(.stack1*)

.stack_dummy    0x20041000      0x800
 *(.stack*)
 .stack         0x20041000      0x800 CMakeFiles/stlcd.dir/Users/brucebotes/projects/pipico/pico-sdk/src/rp2_common/pico_standard_link/crt0.S.obj

.flash_end      0x1000682c        0x0
                0x1000682c                        PROVIDE (__flash_binary_end = .)
                0x20040000                        __StackLimit = (ORIGIN (RAM) + LENGTH (RAM))
                0x20041000                        __StackOneTop = (ORIGIN (SCRATCH_X) + LENGTH (SCRATCH_X))
                0x20042000                        __StackTop = (ORIGIN (SCRATCH_Y) + LENGTH (SCRATCH_Y))
                0x20041000                        __StackOneBottom = (__StackOneTop - SIZEOF (.stack1_dummy))
                0x20041800                        __StackBottom = (__StackTop - SIZEOF (.stack_dummy))
                0x20042000                        PROVIDE (__stack = __StackTop)
                0x00000001                        ASSERT ((__StackLimit >= __HeapLimit), region RAM overflowed)
                0x00000001                        ASSERT (((__binary_info_header_end - __logical_binary_start) <= 0x100), Binary info must be in first 256 bytes of the binary)
LOAD CMakeFiles/stlcd.dir/stlcd.c.obj
LOAD CMakeFiles/stlcd.dir/glcd.c.obj
LOAD CMakeFiles/stlcd.dir/glcdfont.c.obj
LOAD CMakeFiles/stlcd.dir/Users/brucebotes/projects/pipico/pico-sdk/src/rp2_common/pico_stdlib/stdlib.c.obj
LOAD CMakeFiles/stlcd.dir/Users/brucebotes/projects/pipico/pico-sdk/src/rp2_common/hardware_gpio/gpio.c.obj
LOAD CMakeFiles/stlcd.dir/Users/brucebotes/projects/pipico/pico-sdk/src/rp2_common/pico_platform/platform.c.obj
LOAD CMakeFiles/stlcd.dir/Users/brucebotes/projects/pipico/pico-sdk/src/rp2_common/hardware_claim/claim.c.obj
LOAD CMakeFiles/stlcd.dir/Users/brucebotes/projects/pipico/pico-sdk/src/rp2_common/hardware_sync/sync.c.obj
LOAD CMakeFiles/stlcd.dir/Users/brucebotes/projects/pipico/pico-sdk/src/rp2_common/hardware_irq/irq.c.obj
LOAD CMakeFiles/stlcd.dir/Users/brucebotes/projects/pipico/pico-sdk/src/rp2_common/hardware_irq/irq_handler_chain.S.obj
LOAD CMakeFiles/stlcd.dir/Users/brucebotes/projects/pipico/pico-sdk/src/common/pico_sync/sem.c.obj
LOAD CMakeFiles/stlcd.dir/Users/brucebotes/projects/pipico/pico-sdk/src/common/pico_sync/lock_core.c.obj
LOAD CMakeFiles/stlcd.dir/Users/brucebotes/projects/pipico/pico-sdk/src/common/pico_sync/mutex.c.obj
LOAD CMakeFiles/stlcd.dir/Users/brucebotes/projects/pipico/pico-sdk/src/common/pico_sync/critical_section.c.obj
LOAD CMakeFiles/stlcd.dir/Users/brucebotes/projects/pipico/pico-sdk/src/common/pico_time/time.c.obj
LOAD CMakeFiles/stlcd.dir/Users/brucebotes/projects/pipico/pico-sdk/src/common/pico_time/timeout_helper.c.obj
LOAD CMakeFiles/stlcd.dir/Users/brucebotes/projects/pipico/pico-sdk/src/rp2_common/hardware_timer/timer.c.obj
LOAD CMakeFiles/stlcd.dir/Users/brucebotes/projects/pipico/pico-sdk/src/common/pico_util/datetime.c.obj
LOAD CMakeFiles/stlcd.dir/Users/brucebotes/projects/pipico/pico-sdk/src/common/pico_util/pheap.c.obj
LOAD CMakeFiles/stlcd.dir/Users/brucebotes/projects/pipico/pico-sdk/src/common/pico_util/queue.c.obj
LOAD CMakeFiles/stlcd.dir/Users/brucebotes/projects/pipico/pico-sdk/src/rp2_common/hardware_uart/uart.c.obj
LOAD CMakeFiles/stlcd.dir/Users/brucebotes/projects/pipico/pico-sdk/src/rp2_common/hardware_clocks/clocks.c.obj
LOAD CMakeFiles/stlcd.dir/Users/brucebotes/projects/pipico/pico-sdk/src/rp2_common/hardware_pll/pll.c.obj
LOAD CMakeFiles/stlcd.dir/Users/brucebotes/projects/pipico/pico-sdk/src/rp2_common/hardware_vreg/vreg.c.obj
LOAD CMakeFiles/stlcd.dir/Users/brucebotes/projects/pipico/pico-sdk/src/rp2_common/hardware_watchdog/watchdog.c.obj
LOAD CMakeFiles/stlcd.dir/Users/brucebotes/projects/pipico/pico-sdk/src/rp2_common/hardware_xosc/xosc.c.obj
LOAD CMakeFiles/stlcd.dir/Users/brucebotes/projects/pipico/pico-sdk/src/rp2_common/hardware_divider/divider.S.obj
LOAD CMakeFiles/stlcd.dir/Users/brucebotes/projects/pipico/pico-sdk/src/rp2_common/pico_runtime/runtime.c.obj
LOAD CMakeFiles/stlcd.dir/Users/brucebotes/projects/pipico/pico-sdk/src/rp2_common/pico_printf/printf.c.obj
LOAD CMakeFiles/stlcd.dir/Users/brucebotes/projects/pipico/pico-sdk/src/rp2_common/pico_bit_ops/bit_ops_aeabi.S.obj
LOAD CMakeFiles/stlcd.dir/Users/brucebotes/projects/pipico/pico-sdk/src/rp2_common/pico_bootrom/bootrom.c.obj
LOAD CMakeFiles/stlcd.dir/Users/brucebotes/projects/pipico/pico-sdk/src/rp2_common/pico_divider/divider.S.obj
LOAD CMakeFiles/stlcd.dir/Users/brucebotes/projects/pipico/pico-sdk/src/rp2_common/pico_double/double_aeabi.S.obj
LOAD CMakeFiles/stlcd.dir/Users/brucebotes/projects/pipico/pico-sdk/src/rp2_common/pico_double/double_init_rom.c.obj
LOAD CMakeFiles/stlcd.dir/Users/brucebotes/projects/pipico/pico-sdk/src/rp2_common/pico_double/double_math.c.obj
LOAD CMakeFiles/stlcd.dir/Users/brucebotes/projects/pipico/pico-sdk/src/rp2_common/pico_double/double_v1_rom_shim.S.obj
LOAD CMakeFiles/stlcd.dir/Users/brucebotes/projects/pipico/pico-sdk/src/rp2_common/pico_int64_ops/pico_int64_ops_aeabi.S.obj
LOAD CMakeFiles/stlcd.dir/Users/brucebotes/projects/pipico/pico-sdk/src/rp2_common/pico_float/float_aeabi.S.obj
LOAD CMakeFiles/stlcd.dir/Users/brucebotes/projects/pipico/pico-sdk/src/rp2_common/pico_float/float_init_rom.c.obj
LOAD CMakeFiles/stlcd.dir/Users/brucebotes/projects/pipico/pico-sdk/src/rp2_common/pico_float/float_math.c.obj
LOAD CMakeFiles/stlcd.dir/Users/brucebotes/projects/pipico/pico-sdk/src/rp2_common/pico_float/float_v1_rom_shim.S.obj
LOAD CMakeFiles/stlcd.dir/Users/brucebotes/projects/pipico/pico-sdk/src/rp2_common/pico_malloc/pico_malloc.c.obj
LOAD CMakeFiles/stlcd.dir/Users/brucebotes/projects/pipico/pico-sdk/src/rp2_common/pico_mem_ops/mem_ops_aeabi.S.obj
LOAD CMakeFiles/stlcd.dir/Users/brucebotes/projects/pipico/pico-sdk/src/rp2_common/pico_standard_link/crt0.S.obj
LOAD CMakeFiles/stlcd.dir/Users/brucebotes/projects/pipico/pico-sdk/src/rp2_common/pico_standard_link/new_delete.cpp.obj
LOAD CMakeFiles/stlcd.dir/Users/brucebotes/projects/pipico/pico-sdk/src/rp2_common/pico_standard_link/binary_info.c.obj
LOAD CMakeFiles/stlcd.dir/Users/brucebotes/projects/pipico/pico-sdk/src/rp2_common/pico_stdio/stdio.c.obj
LOAD CMakeFiles/stlcd.dir/Users/brucebotes/projects/pipico/pico-sdk/src/rp2_common/pico_stdio_uart/stdio_uart.c.obj
LOAD CMakeFiles/stlcd.dir/Users/brucebotes/projects/pipico/pico-sdk/src/rp2_common/hardware_spi/spi.c.obj
LOAD /var/folders/6b/sgvvgzsn2kn_c1nsg68209k40000gn/T//ccrUL2Ru.o
LOAD /Applications/ArmGNUToolchain/13.2.Rel1/arm-none-eabi/bin/../lib/gcc/arm-none-eabi/13.2.1/../../../../arm-none-eabi/lib/thumb/v6-m/nofp/libstdc++.a
LOAD /Applications/ArmGNUToolchain/13.2.Rel1/arm-none-eabi/bin/../lib/gcc/arm-none-eabi/13.2.1/../../../../arm-none-eabi/lib/thumb/v6-m/nofp/libm.a
START GROUP
LOAD /Applications/ArmGNUToolchain/13.2.Rel1/arm-none-eabi/bin/../lib/gcc/arm-none-eabi/13.2.1/thumb/v6-m/nofp/libgcc.a
LOAD /Applications/ArmGNUToolchain/13.2.Rel1/arm-none-eabi/bin/../lib/gcc/arm-none-eabi/13.2.1/../../../../arm-none-eabi/lib/thumb/v6-m/nofp/libg.a
LOAD /Applications/ArmGNUToolchain/13.2.Rel1/arm-none-eabi/bin/../lib/gcc/arm-none-eabi/13.2.1/../../../../arm-none-eabi/lib/thumb/v6-m/nofp/libc.a
END GROUP
START GROUP
LOAD /Applications/ArmGNUToolchain/13.2.Rel1/arm-none-eabi/bin/../lib/gcc/arm-none-eabi/13.2.1/thumb/v6-m/nofp/libgcc.a
LOAD /Applications/ArmGNUToolchain/13.2.Rel1/arm-none-eabi/bin/../lib/gcc/arm-none-eabi/13.2.1/../../../../arm-none-eabi/lib/thumb/v6-m/nofp/libc.a
LOAD /Applications/ArmGNUToolchain/13.2.Rel1/arm-none-eabi/bin/../lib/gcc/arm-none-eabi/13.2.1/../../../../arm-none-eabi/lib/thumb/v6-m/nofp/libnosys.a
END GROUP
LOAD /Applications/ArmGNUToolchain/13.2.Rel1/arm-none-eabi/bin/../lib/gcc/arm-none-eabi/13.2.1/thumb/v6-m/nofp/crtend.o
LOAD /Applications/ArmGNUToolchain/13.2.Rel1/arm-none-eabi/bin/../lib/gcc/arm-none-eabi/13.2.1/thumb/v6-m/nofp/crtn.o
OUTPUT(stlcd.elf elf32-littlearm)
LOAD linker stubs

.ARM.attributes
                0x00000000       0x28
 .ARM.attributes
                0x00000000       0x1e /Applications/ArmGNUToolchain/13.2.Rel1/arm-none-eabi/bin/../lib/gcc/arm-none-eabi/13.2.1/thumb/v6-m/nofp/crti.o
 .ARM.attributes
                0x0000001e       0x2c /Applications/ArmGNUToolchain/13.2.Rel1/arm-none-eabi/bin/../lib/gcc/arm-none-eabi/13.2.1/thumb/v6-m/nofp/crtbegin.o
 .ARM.attributes
                0x0000004a       0x2c CMakeFiles/stlcd.dir/stlcd.c.obj
 .ARM.attributes
                0x00000076       0x2c CMakeFiles/stlcd.dir/glcd.c.obj
 .ARM.attributes
                0x000000a2       0x2c CMakeFiles/stlcd.dir/glcdfont.c.obj
 .ARM.attributes
                0x000000ce       0x2c CMakeFiles/stlcd.dir/Users/brucebotes/projects/pipico/pico-sdk/src/rp2_common/hardware_gpio/gpio.c.obj
 .ARM.attributes
                0x000000fa       0x2c CMakeFiles/stlcd.dir/Users/brucebotes/projects/pipico/pico-sdk/src/rp2_common/pico_platform/platform.c.obj
 .ARM.attributes
                0x00000126       0x2c CMakeFiles/stlcd.dir/Users/brucebotes/projects/pipico/pico-sdk/src/rp2_common/hardware_claim/claim.c.obj
 .ARM.attributes
                0x00000152       0x2c CMakeFiles/stlcd.dir/Users/brucebotes/projects/pipico/pico-sdk/src/rp2_common/hardware_sync/sync.c.obj
 .ARM.attributes
                0x0000017e       0x2c CMakeFiles/stlcd.dir/Users/brucebotes/projects/pipico/pico-sdk/src/rp2_common/hardware_irq/irq.c.obj
 .ARM.attributes
                0x000001aa       0x22 CMakeFiles/stlcd.dir/Users/brucebotes/projects/pipico/pico-sdk/src/rp2_common/hardware_irq/irq_handler_chain.S.obj
 .ARM.attributes
                0x000001cc       0x2c CMakeFiles/stlcd.dir/Users/brucebotes/projects/pipico/pico-sdk/src/common/pico_sync/lock_core.c.obj
 .ARM.attributes
                0x000001f8       0x2c CMakeFiles/stlcd.dir/Users/brucebotes/projects/pipico/pico-sdk/src/common/pico_sync/mutex.c.obj
 .ARM.attributes
                0x00000224       0x2c CMakeFiles/stlcd.dir/Users/brucebotes/projects/pipico/pico-sdk/src/common/pico_time/time.c.obj
 .ARM.attributes
                0x00000250       0x2c CMakeFiles/stlcd.dir/Users/brucebotes/projects/pipico/pico-sdk/src/rp2_common/hardware_timer/timer.c.obj
 .ARM.attributes
                0x0000027c       0x2c CMakeFiles/stlcd.dir/Users/brucebotes/projects/pipico/pico-sdk/src/common/pico_util/pheap.c.obj
 .ARM.attributes
                0x000002a8       0x2c CMakeFiles/stlcd.dir/Users/brucebotes/projects/pipico/pico-sdk/src/rp2_common/hardware_uart/uart.c.obj
 .ARM.attributes
                0x000002d4       0x2c CMakeFiles/stlcd.dir/Users/brucebotes/projects/pipico/pico-sdk/src/rp2_common/hardware_clocks/clocks.c.obj
 .ARM.attributes
                0x00000300       0x2c CMakeFiles/stlcd.dir/Users/brucebotes/projects/pipico/pico-sdk/src/rp2_common/hardware_pll/pll.c.obj
 .ARM.attributes
                0x0000032c       0x2c CMakeFiles/stlcd.dir/Users/brucebotes/projects/pipico/pico-sdk/src/rp2_common/hardware_watchdog/watchdog.c.obj
 .ARM.attributes
                0x00000358       0x2c CMakeFiles/stlcd.dir/Users/brucebotes/projects/pipico/pico-sdk/src/rp2_common/hardware_xosc/xosc.c.obj
 .ARM.attributes
                0x00000384       0x2c CMakeFiles/stlcd.dir/Users/brucebotes/projects/pipico/pico-sdk/src/rp2_common/pico_runtime/runtime.c.obj
 .ARM.attributes
                0x000003b0       0x2c CMakeFiles/stlcd.dir/Users/brucebotes/projects/pipico/pico-sdk/src/rp2_common/pico_printf/printf.c.obj
 .ARM.attributes
                0x000003dc       0x22 CMakeFiles/stlcd.dir/Users/brucebotes/projects/pipico/pico-sdk/src/rp2_common/pico_bit_ops/bit_ops_aeabi.S.obj
 .ARM.attributes
                0x000003fe       0x2c CMakeFiles/stlcd.dir/Users/brucebotes/projects/pipico/pico-sdk/src/rp2_common/pico_bootrom/bootrom.c.obj
 .ARM.attributes
                0x0000042a       0x22 CMakeFiles/stlcd.dir/Users/brucebotes/projects/pipico/pico-sdk/src/rp2_common/pico_divider/divider.S.obj
 .ARM.attributes
                0x0000044c       0x22 CMakeFiles/stlcd.dir/Users/brucebotes/projects/pipico/pico-sdk/src/rp2_common/pico_double/double_aeabi.S.obj
 .ARM.attributes
                0x0000046e       0x2c CMakeFiles/stlcd.dir/Users/brucebotes/projects/pipico/pico-sdk/src/rp2_common/pico_double/double_init_rom.c.obj
 .ARM.attributes
                0x0000049a       0x22 CMakeFiles/stlcd.dir/Users/brucebotes/projects/pipico/pico-sdk/src/rp2_common/pico_double/double_v1_rom_shim.S.obj
 .ARM.attributes
                0x000004bc       0x22 CMakeFiles/stlcd.dir/Users/brucebotes/projects/pipico/pico-sdk/src/rp2_common/pico_int64_ops/pico_int64_ops_aeabi.S.obj
 .ARM.attributes
                0x000004de       0x22 CMakeFiles/stlcd.dir/Users/brucebotes/projects/pipico/pico-sdk/src/rp2_common/pico_float/float_aeabi.S.obj
 .ARM.attributes
                0x00000500       0x2c CMakeFiles/stlcd.dir/Users/brucebotes/projects/pipico/pico-sdk/src/rp2_common/pico_float/float_init_rom.c.obj
 .ARM.attributes
                0x0000052c       0x22 CMakeFiles/stlcd.dir/Users/brucebotes/projects/pipico/pico-sdk/src/rp2_common/pico_float/float_v1_rom_shim.S.obj
 .ARM.attributes
                0x0000054e       0x22 CMakeFiles/stlcd.dir/Users/brucebotes/projects/pipico/pico-sdk/src/rp2_common/pico_mem_ops/mem_ops_aeabi.S.obj
 .ARM.attributes
                0x00000570       0x22 CMakeFiles/stlcd.dir/Users/brucebotes/projects/pipico/pico-sdk/src/rp2_common/pico_standard_link/crt0.S.obj
 .ARM.attributes
                0x00000592       0x2c CMakeFiles/stlcd.dir/Users/brucebotes/projects/pipico/pico-sdk/src/rp2_common/pico_standard_link/binary_info.c.obj
 .ARM.attributes
                0x000005be       0x2c CMakeFiles/stlcd.dir/Users/brucebotes/projects/pipico/pico-sdk/src/rp2_common/pico_stdio/stdio.c.obj
 .ARM.attributes
                0x000005ea       0x2c CMakeFiles/stlcd.dir/Users/brucebotes/projects/pipico/pico-sdk/src/rp2_common/pico_stdio_uart/stdio_uart.c.obj
 .ARM.attributes
                0x00000616       0x2c CMakeFiles/stlcd.dir/Users/brucebotes/projects/pipico/pico-sdk/src/rp2_common/hardware_spi/spi.c.obj
 .ARM.attributes
                0x00000642       0x22 /var/folders/6b/sgvvgzsn2kn_c1nsg68209k40000gn/T//ccrUL2Ru.o
 .ARM.attributes
                0x00000664       0x1e /Applications/ArmGNUToolchain/13.2.Rel1/arm-none-eabi/bin/../lib/gcc/arm-none-eabi/13.2.1/thumb/v6-m/nofp/libgcc.a(_dvmd_tls.o)
 .ARM.attributes
                0x00000682       0x2c /Applications/ArmGNUToolchain/13.2.Rel1/arm-none-eabi/bin/../lib/gcc/arm-none-eabi/13.2.1/../../../../arm-none-eabi/lib/thumb/v6-m/nofp/libg.a(libc_a-random.o)
 .ARM.attributes
                0x000006ae       0x2c /Applications/ArmGNUToolchain/13.2.Rel1/arm-none-eabi/bin/../lib/gcc/arm-none-eabi/13.2.1/../../../../arm-none-eabi/lib/thumb/v6-m/nofp/libg.a(libc_a-impure.o)
 .ARM.attributes
                0x000006da       0x2c /Applications/ArmGNUToolchain/13.2.Rel1/arm-none-eabi/bin/../lib/gcc/arm-none-eabi/13.2.1/../../../../arm-none-eabi/lib/thumb/v6-m/nofp/libg.a(libc_a-strlen-stub.o)
 .ARM.attributes
                0x00000706       0x2c /Applications/ArmGNUToolchain/13.2.Rel1/arm-none-eabi/bin/../lib/gcc/arm-none-eabi/13.2.1/../../../../arm-none-eabi/lib/thumb/v6-m/nofp/libg.a(libc_a-findfp.o)
 .ARM.attributes
                0x00000732       0x2c /Applications/ArmGNUToolchain/13.2.Rel1/arm-none-eabi/bin/../lib/gcc/arm-none-eabi/13.2.1/thumb/v6-m/nofp/crtend.o

.comment        0x00000000       0x44
 .comment       0x00000000       0x44 CMakeFiles/stlcd.dir/stlcd.c.obj
                                 0x45 (size before relaxing)
 .comment       0x00000044       0x45 CMakeFiles/stlcd.dir/glcd.c.obj
 .comment       0x00000044       0x45 CMakeFiles/stlcd.dir/glcdfont.c.obj
 .comment       0x00000044       0x45 CMakeFiles/stlcd.dir/Users/brucebotes/projects/pipico/pico-sdk/src/rp2_common/hardware_gpio/gpio.c.obj
 .comment       0x00000044       0x45 CMakeFiles/stlcd.dir/Users/brucebotes/projects/pipico/pico-sdk/src/rp2_common/pico_platform/platform.c.obj
 .comment       0x00000044       0x45 CMakeFiles/stlcd.dir/Users/brucebotes/projects/pipico/pico-sdk/src/rp2_common/hardware_claim/claim.c.obj
 .comment       0x00000044       0x45 CMakeFiles/stlcd.dir/Users/brucebotes/projects/pipico/pico-sdk/src/rp2_common/hardware_sync/sync.c.obj
 .comment       0x00000044       0x45 CMakeFiles/stlcd.dir/Users/brucebotes/projects/pipico/pico-sdk/src/rp2_common/hardware_irq/irq.c.obj
 .comment       0x00000044       0x45 CMakeFiles/stlcd.dir/Users/brucebotes/projects/pipico/pico-sdk/src/common/pico_sync/lock_core.c.obj
 .comment       0x00000044       0x45 CMakeFiles/stlcd.dir/Users/brucebotes/projects/pipico/pico-sdk/src/common/pico_sync/mutex.c.obj
 .comment       0x00000044       0x45 CMakeFiles/stlcd.dir/Users/brucebotes/projects/pipico/pico-sdk/src/common/pico_time/time.c.obj
 .comment       0x00000044       0x45 CMakeFiles/stlcd.dir/Users/brucebotes/projects/pipico/pico-sdk/src/rp2_common/hardware_timer/timer.c.obj
 .comment       0x00000044       0x45 CMakeFiles/stlcd.dir/Users/brucebotes/projects/pipico/pico-sdk/src/common/pico_util/pheap.c.obj
 .comment       0x00000044       0x45 CMakeFiles/stlcd.dir/Users/brucebotes/projects/pipico/pico-sdk/src/rp2_common/hardware_uart/uart.c.obj
 .comment       0x00000044       0x45 CMakeFiles/stlcd.dir/Users/brucebotes/projects/pipico/pico-sdk/src/rp2_common/hardware_clocks/clocks.c.obj
 .comment       0x00000044       0x45 CMakeFiles/stlcd.dir/Users/brucebotes/projects/pipico/pico-sdk/src/rp2_common/hardware_pll/pll.c.obj
 .comment       0x00000044       0x45 CMakeFiles/stlcd.dir/Users/brucebotes/projects/pipico/pico-sdk/src/rp2_common/hardware_watchdog/watchdog.c.obj
 .comment       0x00000044       0x45 CMakeFiles/stlcd.dir/Users/brucebotes/projects/pipico/pico-sdk/src/rp2_common/hardware_xosc/xosc.c.obj
 .comment       0x00000044       0x45 CMakeFiles/stlcd.dir/Users/brucebotes/projects/pipico/pico-sdk/src/rp2_common/pico_runtime/runtime.c.obj
 .comment       0x00000044       0x45 CMakeFiles/stlcd.dir/Users/brucebotes/projects/pipico/pico-sdk/src/rp2_common/pico_printf/printf.c.obj
 .comment       0x00000044       0x45 CMakeFiles/stlcd.dir/Users/brucebotes/projects/pipico/pico-sdk/src/rp2_common/pico_bootrom/bootrom.c.obj
 .comment       0x00000044       0x45 CMakeFiles/stlcd.dir/Users/brucebotes/projects/pipico/pico-sdk/src/rp2_common/pico_double/double_init_rom.c.obj
 .comment       0x00000044       0x45 CMakeFiles/stlcd.dir/Users/brucebotes/projects/pipico/pico-sdk/src/rp2_common/pico_float/float_init_rom.c.obj
 .comment       0x00000044       0x45 CMakeFiles/stlcd.dir/Users/brucebotes/projects/pipico/pico-sdk/src/rp2_common/pico_standard_link/binary_info.c.obj
 .comment       0x00000044       0x45 CMakeFiles/stlcd.dir/Users/brucebotes/projects/pipico/pico-sdk/src/rp2_common/pico_stdio/stdio.c.obj
 .comment       0x00000044       0x45 CMakeFiles/stlcd.dir/Users/brucebotes/projects/pipico/pico-sdk/src/rp2_common/pico_stdio_uart/stdio_uart.c.obj
 .comment       0x00000044       0x45 CMakeFiles/stlcd.dir/Users/brucebotes/projects/pipico/pico-sdk/src/rp2_common/hardware_spi/spi.c.obj

.debug_info     0x00000000    0x1787b
 .debug_info    0x00000000     0x1a33 CMakeFiles/stlcd.dir/stlcd.c.obj
 .debug_info    0x00001a33      0xbff CMakeFiles/stlcd.dir/glcd.c.obj
 .debug_info    0x00002632       0xae CMakeFiles/stlcd.dir/glcdfont.c.obj
 .debug_info    0x000026e0     0x184b CMakeFiles/stlcd.dir/Users/brucebotes/projects/pipico/pico-sdk/src/rp2_common/hardware_gpio/gpio.c.obj
 .debug_info    0x00003f2b      0x1fb CMakeFiles/stlcd.dir/Users/brucebotes/projects/pipico/pico-sdk/src/rp2_common/pico_platform/platform.c.obj
 .debug_info    0x00004126      0x69a CMakeFiles/stlcd.dir/Users/brucebotes/projects/pipico/pico-sdk/src/rp2_common/hardware_claim/claim.c.obj
 .debug_info    0x000047c0      0x5fa CMakeFiles/stlcd.dir/Users/brucebotes/projects/pipico/pico-sdk/src/rp2_common/hardware_sync/sync.c.obj
 .debug_info    0x00004dba     0x1c43 CMakeFiles/stlcd.dir/Users/brucebotes/projects/pipico/pico-sdk/src/rp2_common/hardware_irq/irq.c.obj
 .debug_info    0x000069fd      0x1a3 CMakeFiles/stlcd.dir/Users/brucebotes/projects/pipico/pico-sdk/src/common/pico_sync/lock_core.c.obj
 .debug_info    0x00006ba0     0x1d29 CMakeFiles/stlcd.dir/Users/brucebotes/projects/pipico/pico-sdk/src/common/pico_sync/mutex.c.obj
 .debug_info    0x000088c9     0x33f9 CMakeFiles/stlcd.dir/Users/brucebotes/projects/pipico/pico-sdk/src/common/pico_time/time.c.obj
 .debug_info    0x0000bcc2     0x145b CMakeFiles/stlcd.dir/Users/brucebotes/projects/pipico/pico-sdk/src/rp2_common/hardware_timer/timer.c.obj
 .debug_info    0x0000d11d      0xe82 CMakeFiles/stlcd.dir/Users/brucebotes/projects/pipico/pico-sdk/src/common/pico_util/pheap.c.obj
 .debug_info    0x0000df9f      0xd98 CMakeFiles/stlcd.dir/Users/brucebotes/projects/pipico/pico-sdk/src/rp2_common/hardware_uart/uart.c.obj
 .debug_info    0x0000ed37      0xfe7 CMakeFiles/stlcd.dir/Users/brucebotes/projects/pipico/pico-sdk/src/rp2_common/hardware_clocks/clocks.c.obj